Copyright 1986-2019 Xilinx, Inc. All Rights Reserved.
-----------------------------------------------------------------------------------------------------------------------------------------------------------------------------------------------------------
| Tool Version : Vivado v.2019.1 (win64) Build 2552052 Fri May 24 14:49:42 MDT 2019
| Date         : Fri Dec 19 16:56:06 2025
| Host         : DESKTOP-CVFA51E running 64-bit major release  (build 9200)
| Command      : report_timing_summary -max_paths 10 -file MicrowaveTop_timing_summary_routed.rpt -pb MicrowaveTop_timing_summary_routed.pb -rpx MicrowaveTop_timing_summary_routed.rpx -warn_on_violation
| Design       : MicrowaveTop
| Device       : 7a35t-cpg236
| Speed File   : -1  PRODUCTION 1.23 2018-06-13
-----------------------------------------------------------------------------------------------------------------------------------------------------------------------------------------------------------

Timing Summary Report

------------------------------------------------------------------------------------------------
| Timer Settings
| --------------
------------------------------------------------------------------------------------------------

  Enable Multi Corner Analysis               :  Yes
  Enable Pessimism Removal                   :  Yes
  Pessimism Removal Resolution               :  Nearest Common Node
  Enable Input Delay Default Clock           :  No
  Enable Preset / Clear Arcs                 :  No
  Disable Flight Delays                      :  No
  Ignore I/O Paths                           :  No
  Timing Early Launch at Borrowing Latches   :  No
  Borrow Time for Max Delay Exceptions       :  Yes

  Corner  Analyze    Analyze    
  Name    Max Paths  Min Paths  
  ------  ---------  ---------  
  Slow    Yes        Yes        
  Fast    Yes        Yes        



check_timing report

Table of Contents
-----------------
1. checking no_clock
2. checking constant_clock
3. checking pulse_width_clock
4. checking unconstrained_internal_endpoints
5. checking no_input_delay
6. checking no_output_delay
7. checking multiple_clock
8. checking generated_clocks
9. checking loops
10. checking partial_input_delay
11. checking partial_output_delay
12. checking latch_loops

1. checking no_clock
--------------------
 There are 0 register/latch pins with no clock.


2. checking constant_clock
--------------------------
 There are 0 register/latch pins with constant_clock.


3. checking pulse_width_clock
-----------------------------
 There are 0 register/latch pins which need pulse_width check


4. checking unconstrained_internal_endpoints
--------------------------------------------
 There are 0 pins that are not constrained for maximum delay.

 There are 0 pins that are not constrained for maximum delay due to constant clock.


5. checking no_input_delay
--------------------------
 There are 7 input ports with no input delay specified. (HIGH)

 There are 0 input ports with no input delay but user has a false path constraint.


6. checking no_output_delay
---------------------------
 There are 13 ports with no output delay specified. (HIGH)

 There are 0 ports with no output delay but user has a false path constraint

 There are 0 ports with no output delay but with a timing clock defined on it or propagating through it


7. checking multiple_clock
--------------------------
 There are 0 register/latch pins with multiple clocks.


8. checking generated_clocks
----------------------------
 There are 0 generated clocks that are not connected to a clock source.


9. checking loops
-----------------
 There are 0 combinational loops in the design.


10. checking partial_input_delay
--------------------------------
 There are 0 input ports with partial input delay specified.


11. checking partial_output_delay
---------------------------------
 There are 0 ports with partial output delay specified.


12. checking latch_loops
------------------------
 There are 0 combinational latch loops in the design through latch input



------------------------------------------------------------------------------------------------
| Design Timing Summary
| ---------------------
------------------------------------------------------------------------------------------------

    WNS(ns)      TNS(ns)  TNS Failing Endpoints  TNS Total Endpoints      WHS(ns)      THS(ns)  THS Failing Endpoints  THS Total Endpoints     WPWS(ns)     TPWS(ns)  TPWS Failing Endpoints  TPWS Total Endpoints  
    -------      -------  ---------------------  -------------------      -------      -------  ---------------------  -------------------     --------     --------  ----------------------  --------------------  
      3.358        0.000                      0                   97        0.140        0.000                      0                   97        4.500        0.000                       0                    91  


All user specified timing constraints are met.


------------------------------------------------------------------------------------------------
| Clock Summary
| -------------
------------------------------------------------------------------------------------------------

Clock        Waveform(ns)       Period(ns)      Frequency(MHz)
-----        ------------       ----------      --------------
sys_clk_pin  {0.000 5.000}      10.000          100.000         


------------------------------------------------------------------------------------------------
| Intra Clock Table
| -----------------
------------------------------------------------------------------------------------------------

Clock             WNS(ns)      TNS(ns)  TNS Failing Endpoints  TNS Total Endpoints      WHS(ns)      THS(ns)  THS Failing Endpoints  THS Total Endpoints     WPWS(ns)     TPWS(ns)  TPWS Failing Endpoints  TPWS Total Endpoints  
-----             -------      -------  ---------------------  -------------------      -------      -------  ---------------------  -------------------     --------     --------  ----------------------  --------------------  
sys_clk_pin         3.358        0.000                      0                   97        0.140        0.000                      0                   97        4.500        0.000                       0                    91  


------------------------------------------------------------------------------------------------
| Inter Clock Table
| -----------------
------------------------------------------------------------------------------------------------

From Clock    To Clock          WNS(ns)      TNS(ns)  TNS Failing Endpoints  TNS Total Endpoints      WHS(ns)      THS(ns)  THS Failing Endpoints  THS Total Endpoints  
----------    --------          -------      -------  ---------------------  -------------------      -------      -------  ---------------------  -------------------  


------------------------------------------------------------------------------------------------
| Other Path Groups Table
| -----------------------
------------------------------------------------------------------------------------------------

Path Group    From Clock    To Clock          WNS(ns)      TNS(ns)  TNS Failing Endpoints  TNS Total Endpoints      WHS(ns)      THS(ns)  THS Failing Endpoints  THS Total Endpoints  
----------    ----------    --------          -------      -------  ---------------------  -------------------      -------      -------  ---------------------  -------------------  


------------------------------------------------------------------------------------------------
| Timing Details
| --------------
------------------------------------------------------------------------------------------------


---------------------------------------------------------------------------------------------------
From Clock:  sys_clk_pin
  To Clock:  sys_clk_pin

Setup :            0  Failing Endpoints,  Worst Slack        3.358ns,  Total Violation        0.000ns
Hold  :            0  Failing Endpoints,  Worst Slack        0.140ns,  Total Violation        0.000ns
PW    :            0  Failing Endpoints,  Worst Slack        4.500ns,  Total Violation        0.000ns
---------------------------------------------------------------------------------------------------


Max Delay Paths
--------------------------------------------------------------------------------------
Slack (MET) :             3.358ns  (required time - arrival time)
  Source:                 temps_rest_reg[4]/C
                            (rising edge-triggered cell FDRE clocked by sys_clk_pin  {rise@0.000ns fall@5.000ns period=10.000ns})
  Destination:            temps_rest_reg[9]/CE
                            (rising edge-triggered cell FDRE clocked by sys_clk_pin  {rise@0.000ns fall@5.000ns period=10.000ns})
  Path Group:             sys_clk_pin
  Path Type:              Setup (Max at Slow Process Corner)
  Requirement:            10.000ns  (sys_clk_pin rise@10.000ns - sys_clk_pin rise@0.000ns)
  Data Path Delay:        6.358ns  (logic 1.740ns (27.365%)  route 4.618ns (72.635%))
  Logic Levels:           5  (CARRY4=1 LUT1=1 LUT4=1 LUT6=2)
  Clock Path Skew:        -0.043ns (DCD - SCD + CPR)
    Destination Clock Delay (DCD):    4.853ns = ( 14.853 - 10.000 ) 
    Source Clock Delay      (SCD):    5.156ns
    Clock Pessimism Removal (CPR):    0.260ns
  Clock Uncertainty:      0.035ns  ((TSJ^2 + TIJ^2)^1/2 + DJ) / 2 + PE
    Total System Jitter     (TSJ):    0.071ns
    Total Input Jitter      (TIJ):    0.000ns
    Discrete Jitter          (DJ):    0.000ns
    Phase Error              (PE):    0.000ns

    Location             Delay type                Incr(ns)  Path(ns)    Netlist Resource(s)
  -------------------------------------------------------------------    -------------------
                         (clock sys_clk_pin rise edge)
                                                      0.000     0.000 r  
    W5                                                0.000     0.000 r  clk_i (IN)
                         net (fo=0)                   0.000     0.000    clk_i
    W5                   IBUF (Prop_ibuf_I_O)         1.458     1.458 r  clk_i_IBUF_inst/O
                         net (fo=1, routed)           1.967     3.425    clk_i_IBUF
    BUFGCTRL_X0Y0        BUFG (Prop_bufg_I_O)         0.096     3.521 r  clk_i_IBUF_BUFG_inst/O
                         net (fo=90, routed)          1.635     5.156    clk_i_IBUF_BUFG
    SLICE_X62Y11         FDRE                                         r  temps_rest_reg[4]/C
  -------------------------------------------------------------------    -------------------
    SLICE_X62Y11         FDRE (Prop_fdre_C_Q)         0.456     5.612 f  temps_rest_reg[4]/Q
                         net (fo=13, routed)          0.919     6.531    temps_rest_reg_n_0_[4]
    SLICE_X57Y8          LUT1 (Prop_lut1_I0_O)        0.124     6.655 r  temps_rest[7]_i_8/O
                         net (fo=1, routed)           0.000     6.655    temps_rest[7]_i_8_n_0
    SLICE_X57Y8          CARRY4 (Prop_carry4_S[0]_O[3])
                                                      0.606     7.261 f  temps_rest_reg[7]_i_7/O[3]
                         net (fo=2, routed)           1.056     8.317    temps_rest_reg[7]_i_7_n_4
    SLICE_X58Y9          LUT4 (Prop_lut4_I0_O)        0.306     8.623 r  temps_rest[12]_i_17/O
                         net (fo=25, routed)          1.131     9.753    temps_rest[12]_i_17_n_0
    SLICE_X55Y11         LUT6 (Prop_lut6_I3_O)        0.124     9.877 r  temps_rest[12]_i_6/O
                         net (fo=1, routed)           0.613    10.490    temps_rest[12]_i_6_n_0
    SLICE_X56Y11         LUT6 (Prop_lut6_I3_O)        0.124    10.614 r  temps_rest[12]_i_1/O
                         net (fo=13, routed)          0.901    11.515    temps_rest[12]_i_1_n_0
    SLICE_X59Y15         FDRE                                         r  temps_rest_reg[9]/CE
  -------------------------------------------------------------------    -------------------

                         (clock sys_clk_pin rise edge)
                                                     10.000    10.000 r  
    W5                                                0.000    10.000 r  clk_i (IN)
                         net (fo=0)                   0.000    10.000    clk_i
    W5                   IBUF (Prop_ibuf_I_O)         1.388    11.388 r  clk_i_IBUF_inst/O
                         net (fo=1, routed)           1.862    13.250    clk_i_IBUF
    BUFGCTRL_X0Y0        BUFG (Prop_bufg_I_O)         0.091    13.341 r  clk_i_IBUF_BUFG_inst/O
                         net (fo=90, routed)          1.512    14.853    clk_i_IBUF_BUFG
    SLICE_X59Y15         FDRE                                         r  temps_rest_reg[9]/C
                         clock pessimism              0.260    15.113    
                         clock uncertainty           -0.035    15.078    
    SLICE_X59Y15         FDRE (Setup_fdre_C_CE)      -0.205    14.873    temps_rest_reg[9]
  -------------------------------------------------------------------
                         required time                         14.873    
                         arrival time                         -11.515    
  -------------------------------------------------------------------
                         slack                                  3.358    

Slack (MET) :             3.412ns  (required time - arrival time)
  Source:                 temps_rest_reg[4]/C
                            (rising edge-triggered cell FDRE clocked by sys_clk_pin  {rise@0.000ns fall@5.000ns period=10.000ns})
  Destination:            temps_rest_reg[4]/CE
                            (rising edge-triggered cell FDRE clocked by sys_clk_pin  {rise@0.000ns fall@5.000ns period=10.000ns})
  Path Group:             sys_clk_pin
  Path Type:              Setup (Max at Slow Process Corner)
  Requirement:            10.000ns  (sys_clk_pin rise@10.000ns - sys_clk_pin rise@0.000ns)
  Data Path Delay:        6.347ns  (logic 1.740ns (27.414%)  route 4.607ns (72.586%))
  Logic Levels:           5  (CARRY4=1 LUT1=1 LUT4=1 LUT6=2)
  Clock Path Skew:        0.000ns (DCD - SCD + CPR)
    Destination Clock Delay (DCD):    4.857ns = ( 14.857 - 10.000 ) 
    Source Clock Delay      (SCD):    5.156ns
    Clock Pessimism Removal (CPR):    0.299ns
  Clock Uncertainty:      0.035ns  ((TSJ^2 + TIJ^2)^1/2 + DJ) / 2 + PE
    Total System Jitter     (TSJ):    0.071ns
    Total Input Jitter      (TIJ):    0.000ns
    Discrete Jitter          (DJ):    0.000ns
    Phase Error              (PE):    0.000ns

    Location             Delay type                Incr(ns)  Path(ns)    Netlist Resource(s)
  -------------------------------------------------------------------    -------------------
                         (clock sys_clk_pin rise edge)
                                                      0.000     0.000 r  
    W5                                                0.000     0.000 r  clk_i (IN)
                         net (fo=0)                   0.000     0.000    clk_i
    W5                   IBUF (Prop_ibuf_I_O)         1.458     1.458 r  clk_i_IBUF_inst/O
                         net (fo=1, routed)           1.967     3.425    clk_i_IBUF
    BUFGCTRL_X0Y0        BUFG (Prop_bufg_I_O)         0.096     3.521 r  clk_i_IBUF_BUFG_inst/O
                         net (fo=90, routed)          1.635     5.156    clk_i_IBUF_BUFG
    SLICE_X62Y11         FDRE                                         r  temps_rest_reg[4]/C
  -------------------------------------------------------------------    -------------------
    SLICE_X62Y11         FDRE (Prop_fdre_C_Q)         0.456     5.612 f  temps_rest_reg[4]/Q
                         net (fo=13, routed)          0.919     6.531    temps_rest_reg_n_0_[4]
    SLICE_X57Y8          LUT1 (Prop_lut1_I0_O)        0.124     6.655 r  temps_rest[7]_i_8/O
                         net (fo=1, routed)           0.000     6.655    temps_rest[7]_i_8_n_0
    SLICE_X57Y8          CARRY4 (Prop_carry4_S[0]_O[3])
                                                      0.606     7.261 f  temps_rest_reg[7]_i_7/O[3]
                         net (fo=2, routed)           1.056     8.317    temps_rest_reg[7]_i_7_n_4
    SLICE_X58Y9          LUT4 (Prop_lut4_I0_O)        0.306     8.623 r  temps_rest[12]_i_17/O
                         net (fo=25, routed)          1.131     9.753    temps_rest[12]_i_17_n_0
    SLICE_X55Y11         LUT6 (Prop_lut6_I3_O)        0.124     9.877 r  temps_rest[12]_i_6/O
                         net (fo=1, routed)           0.613    10.490    temps_rest[12]_i_6_n_0
    SLICE_X56Y11         LUT6 (Prop_lut6_I3_O)        0.124    10.614 r  temps_rest[12]_i_1/O
                         net (fo=13, routed)          0.890    11.504    temps_rest[12]_i_1_n_0
    SLICE_X62Y11         FDRE                                         r  temps_rest_reg[4]/CE
  -------------------------------------------------------------------    -------------------

                         (clock sys_clk_pin rise edge)
                                                     10.000    10.000 r  
    W5                                                0.000    10.000 r  clk_i (IN)
                         net (fo=0)                   0.000    10.000    clk_i
    W5                   IBUF (Prop_ibuf_I_O)         1.388    11.388 r  clk_i_IBUF_inst/O
                         net (fo=1, routed)           1.862    13.250    clk_i_IBUF
    BUFGCTRL_X0Y0        BUFG (Prop_bufg_I_O)         0.091    13.341 r  clk_i_IBUF_BUFG_inst/O
                         net (fo=90, routed)          1.516    14.857    clk_i_IBUF_BUFG
    SLICE_X62Y11         FDRE                                         r  temps_rest_reg[4]/C
                         clock pessimism              0.299    15.156    
                         clock uncertainty           -0.035    15.121    
    SLICE_X62Y11         FDRE (Setup_fdre_C_CE)      -0.205    14.916    temps_rest_reg[4]
  -------------------------------------------------------------------
                         required time                         14.916    
                         arrival time                         -11.504    
  -------------------------------------------------------------------
                         slack                                  3.412    

Slack (MET) :             3.485ns  (required time - arrival time)
  Source:                 temps_rest_reg[4]/C
                            (rising edge-triggered cell FDRE clocked by sys_clk_pin  {rise@0.000ns fall@5.000ns period=10.000ns})
  Destination:            temps_rest_reg[11]/CE
                            (rising edge-triggered cell FDRE clocked by sys_clk_pin  {rise@0.000ns fall@5.000ns period=10.000ns})
  Path Group:             sys_clk_pin
  Path Type:              Setup (Max at Slow Process Corner)
  Requirement:            10.000ns  (sys_clk_pin rise@10.000ns - sys_clk_pin rise@0.000ns)
  Data Path Delay:        6.233ns  (logic 1.740ns (27.918%)  route 4.493ns (72.082%))
  Logic Levels:           5  (CARRY4=1 LUT1=1 LUT4=1 LUT6=2)
  Clock Path Skew:        -0.042ns (DCD - SCD + CPR)
    Destination Clock Delay (DCD):    4.854ns = ( 14.854 - 10.000 ) 
    Source Clock Delay      (SCD):    5.156ns
    Clock Pessimism Removal (CPR):    0.260ns
  Clock Uncertainty:      0.035ns  ((TSJ^2 + TIJ^2)^1/2 + DJ) / 2 + PE
    Total System Jitter     (TSJ):    0.071ns
    Total Input Jitter      (TIJ):    0.000ns
    Discrete Jitter          (DJ):    0.000ns
    Phase Error              (PE):    0.000ns

    Location             Delay type                Incr(ns)  Path(ns)    Netlist Resource(s)
  -------------------------------------------------------------------    -------------------
                         (clock sys_clk_pin rise edge)
                                                      0.000     0.000 r  
    W5                                                0.000     0.000 r  clk_i (IN)
                         net (fo=0)                   0.000     0.000    clk_i
    W5                   IBUF (Prop_ibuf_I_O)         1.458     1.458 r  clk_i_IBUF_inst/O
                         net (fo=1, routed)           1.967     3.425    clk_i_IBUF
    BUFGCTRL_X0Y0        BUFG (Prop_bufg_I_O)         0.096     3.521 r  clk_i_IBUF_BUFG_inst/O
                         net (fo=90, routed)          1.635     5.156    clk_i_IBUF_BUFG
    SLICE_X62Y11         FDRE                                         r  temps_rest_reg[4]/C
  -------------------------------------------------------------------    -------------------
    SLICE_X62Y11         FDRE (Prop_fdre_C_Q)         0.456     5.612 f  temps_rest_reg[4]/Q
                         net (fo=13, routed)          0.919     6.531    temps_rest_reg_n_0_[4]
    SLICE_X57Y8          LUT1 (Prop_lut1_I0_O)        0.124     6.655 r  temps_rest[7]_i_8/O
                         net (fo=1, routed)           0.000     6.655    temps_rest[7]_i_8_n_0
    SLICE_X57Y8          CARRY4 (Prop_carry4_S[0]_O[3])
                                                      0.606     7.261 f  temps_rest_reg[7]_i_7/O[3]
                         net (fo=2, routed)           1.056     8.317    temps_rest_reg[7]_i_7_n_4
    SLICE_X58Y9          LUT4 (Prop_lut4_I0_O)        0.306     8.623 r  temps_rest[12]_i_17/O
                         net (fo=25, routed)          1.131     9.753    temps_rest[12]_i_17_n_0
    SLICE_X55Y11         LUT6 (Prop_lut6_I3_O)        0.124     9.877 r  temps_rest[12]_i_6/O
                         net (fo=1, routed)           0.613    10.490    temps_rest[12]_i_6_n_0
    SLICE_X56Y11         LUT6 (Prop_lut6_I3_O)        0.124    10.614 r  temps_rest[12]_i_1/O
                         net (fo=13, routed)          0.775    11.389    temps_rest[12]_i_1_n_0
    SLICE_X58Y14         FDRE                                         r  temps_rest_reg[11]/CE
  -------------------------------------------------------------------    -------------------

                         (clock sys_clk_pin rise edge)
                                                     10.000    10.000 r  
    W5                                                0.000    10.000 r  clk_i (IN)
                         net (fo=0)                   0.000    10.000    clk_i
    W5                   IBUF (Prop_ibuf_I_O)         1.388    11.388 r  clk_i_IBUF_inst/O
                         net (fo=1, routed)           1.862    13.250    clk_i_IBUF
    BUFGCTRL_X0Y0        BUFG (Prop_bufg_I_O)         0.091    13.341 r  clk_i_IBUF_BUFG_inst/O
                         net (fo=90, routed)          1.513    14.854    clk_i_IBUF_BUFG
    SLICE_X58Y14         FDRE                                         r  temps_rest_reg[11]/C
                         clock pessimism              0.260    15.114    
                         clock uncertainty           -0.035    15.079    
    SLICE_X58Y14         FDRE (Setup_fdre_C_CE)      -0.205    14.874    temps_rest_reg[11]
  -------------------------------------------------------------------
                         required time                         14.874    
                         arrival time                         -11.389    
  -------------------------------------------------------------------
                         slack                                  3.485    

Slack (MET) :             3.485ns  (required time - arrival time)
  Source:                 temps_rest_reg[4]/C
                            (rising edge-triggered cell FDRE clocked by sys_clk_pin  {rise@0.000ns fall@5.000ns period=10.000ns})
  Destination:            temps_rest_reg[12]/CE
                            (rising edge-triggered cell FDRE clocked by sys_clk_pin  {rise@0.000ns fall@5.000ns period=10.000ns})
  Path Group:             sys_clk_pin
  Path Type:              Setup (Max at Slow Process Corner)
  Requirement:            10.000ns  (sys_clk_pin rise@10.000ns - sys_clk_pin rise@0.000ns)
  Data Path Delay:        6.233ns  (logic 1.740ns (27.918%)  route 4.493ns (72.082%))
  Logic Levels:           5  (CARRY4=1 LUT1=1 LUT4=1 LUT6=2)
  Clock Path Skew:        -0.042ns (DCD - SCD + CPR)
    Destination Clock Delay (DCD):    4.854ns = ( 14.854 - 10.000 ) 
    Source Clock Delay      (SCD):    5.156ns
    Clock Pessimism Removal (CPR):    0.260ns
  Clock Uncertainty:      0.035ns  ((TSJ^2 + TIJ^2)^1/2 + DJ) / 2 + PE
    Total System Jitter     (TSJ):    0.071ns
    Total Input Jitter      (TIJ):    0.000ns
    Discrete Jitter          (DJ):    0.000ns
    Phase Error              (PE):    0.000ns

    Location             Delay type                Incr(ns)  Path(ns)    Netlist Resource(s)
  -------------------------------------------------------------------    -------------------
                         (clock sys_clk_pin rise edge)
                                                      0.000     0.000 r  
    W5                                                0.000     0.000 r  clk_i (IN)
                         net (fo=0)                   0.000     0.000    clk_i
    W5                   IBUF (Prop_ibuf_I_O)         1.458     1.458 r  clk_i_IBUF_inst/O
                         net (fo=1, routed)           1.967     3.425    clk_i_IBUF
    BUFGCTRL_X0Y0        BUFG (Prop_bufg_I_O)         0.096     3.521 r  clk_i_IBUF_BUFG_inst/O
                         net (fo=90, routed)          1.635     5.156    clk_i_IBUF_BUFG
    SLICE_X62Y11         FDRE                                         r  temps_rest_reg[4]/C
  -------------------------------------------------------------------    -------------------
    SLICE_X62Y11         FDRE (Prop_fdre_C_Q)         0.456     5.612 f  temps_rest_reg[4]/Q
                         net (fo=13, routed)          0.919     6.531    temps_rest_reg_n_0_[4]
    SLICE_X57Y8          LUT1 (Prop_lut1_I0_O)        0.124     6.655 r  temps_rest[7]_i_8/O
                         net (fo=1, routed)           0.000     6.655    temps_rest[7]_i_8_n_0
    SLICE_X57Y8          CARRY4 (Prop_carry4_S[0]_O[3])
                                                      0.606     7.261 f  temps_rest_reg[7]_i_7/O[3]
                         net (fo=2, routed)           1.056     8.317    temps_rest_reg[7]_i_7_n_4
    SLICE_X58Y9          LUT4 (Prop_lut4_I0_O)        0.306     8.623 r  temps_rest[12]_i_17/O
                         net (fo=25, routed)          1.131     9.753    temps_rest[12]_i_17_n_0
    SLICE_X55Y11         LUT6 (Prop_lut6_I3_O)        0.124     9.877 r  temps_rest[12]_i_6/O
                         net (fo=1, routed)           0.613    10.490    temps_rest[12]_i_6_n_0
    SLICE_X56Y11         LUT6 (Prop_lut6_I3_O)        0.124    10.614 r  temps_rest[12]_i_1/O
                         net (fo=13, routed)          0.775    11.389    temps_rest[12]_i_1_n_0
    SLICE_X59Y14         FDRE                                         r  temps_rest_reg[12]/CE
  -------------------------------------------------------------------    -------------------

                         (clock sys_clk_pin rise edge)
                                                     10.000    10.000 r  
    W5                                                0.000    10.000 r  clk_i (IN)
                         net (fo=0)                   0.000    10.000    clk_i
    W5                   IBUF (Prop_ibuf_I_O)         1.388    11.388 r  clk_i_IBUF_inst/O
                         net (fo=1, routed)           1.862    13.250    clk_i_IBUF
    BUFGCTRL_X0Y0        BUFG (Prop_bufg_I_O)         0.091    13.341 r  clk_i_IBUF_BUFG_inst/O
                         net (fo=90, routed)          1.513    14.854    clk_i_IBUF_BUFG
    SLICE_X59Y14         FDRE                                         r  temps_rest_reg[12]/C
                         clock pessimism              0.260    15.114    
                         clock uncertainty           -0.035    15.079    
    SLICE_X59Y14         FDRE (Setup_fdre_C_CE)      -0.205    14.874    temps_rest_reg[12]
  -------------------------------------------------------------------
                         required time                         14.874    
                         arrival time                         -11.389    
  -------------------------------------------------------------------
                         slack                                  3.485    

Slack (MET) :             3.485ns  (required time - arrival time)
  Source:                 temps_rest_reg[4]/C
                            (rising edge-triggered cell FDRE clocked by sys_clk_pin  {rise@0.000ns fall@5.000ns period=10.000ns})
  Destination:            temps_rest_reg[5]/CE
                            (rising edge-triggered cell FDRE clocked by sys_clk_pin  {rise@0.000ns fall@5.000ns period=10.000ns})
  Path Group:             sys_clk_pin
  Path Type:              Setup (Max at Slow Process Corner)
  Requirement:            10.000ns  (sys_clk_pin rise@10.000ns - sys_clk_pin rise@0.000ns)
  Data Path Delay:        6.233ns  (logic 1.740ns (27.918%)  route 4.493ns (72.082%))
  Logic Levels:           5  (CARRY4=1 LUT1=1 LUT4=1 LUT6=2)
  Clock Path Skew:        -0.042ns (DCD - SCD + CPR)
    Destination Clock Delay (DCD):    4.854ns = ( 14.854 - 10.000 ) 
    Source Clock Delay      (SCD):    5.156ns
    Clock Pessimism Removal (CPR):    0.260ns
  Clock Uncertainty:      0.035ns  ((TSJ^2 + TIJ^2)^1/2 + DJ) / 2 + PE
    Total System Jitter     (TSJ):    0.071ns
    Total Input Jitter      (TIJ):    0.000ns
    Discrete Jitter          (DJ):    0.000ns
    Phase Error              (PE):    0.000ns

    Location             Delay type                Incr(ns)  Path(ns)    Netlist Resource(s)
  -------------------------------------------------------------------    -------------------
                         (clock sys_clk_pin rise edge)
                                                      0.000     0.000 r  
    W5                                                0.000     0.000 r  clk_i (IN)
                         net (fo=0)                   0.000     0.000    clk_i
    W5                   IBUF (Prop_ibuf_I_O)         1.458     1.458 r  clk_i_IBUF_inst/O
                         net (fo=1, routed)           1.967     3.425    clk_i_IBUF
    BUFGCTRL_X0Y0        BUFG (Prop_bufg_I_O)         0.096     3.521 r  clk_i_IBUF_BUFG_inst/O
                         net (fo=90, routed)          1.635     5.156    clk_i_IBUF_BUFG
    SLICE_X62Y11         FDRE                                         r  temps_rest_reg[4]/C
  -------------------------------------------------------------------    -------------------
    SLICE_X62Y11         FDRE (Prop_fdre_C_Q)         0.456     5.612 f  temps_rest_reg[4]/Q
                         net (fo=13, routed)          0.919     6.531    temps_rest_reg_n_0_[4]
    SLICE_X57Y8          LUT1 (Prop_lut1_I0_O)        0.124     6.655 r  temps_rest[7]_i_8/O
                         net (fo=1, routed)           0.000     6.655    temps_rest[7]_i_8_n_0
    SLICE_X57Y8          CARRY4 (Prop_carry4_S[0]_O[3])
                                                      0.606     7.261 f  temps_rest_reg[7]_i_7/O[3]
                         net (fo=2, routed)           1.056     8.317    temps_rest_reg[7]_i_7_n_4
    SLICE_X58Y9          LUT4 (Prop_lut4_I0_O)        0.306     8.623 r  temps_rest[12]_i_17/O
                         net (fo=25, routed)          1.131     9.753    temps_rest[12]_i_17_n_0
    SLICE_X55Y11         LUT6 (Prop_lut6_I3_O)        0.124     9.877 r  temps_rest[12]_i_6/O
                         net (fo=1, routed)           0.613    10.490    temps_rest[12]_i_6_n_0
    SLICE_X56Y11         LUT6 (Prop_lut6_I3_O)        0.124    10.614 r  temps_rest[12]_i_1/O
                         net (fo=13, routed)          0.775    11.389    temps_rest[12]_i_1_n_0
    SLICE_X58Y14         FDRE                                         r  temps_rest_reg[5]/CE
  -------------------------------------------------------------------    -------------------

                         (clock sys_clk_pin rise edge)
                                                     10.000    10.000 r  
    W5                                                0.000    10.000 r  clk_i (IN)
                         net (fo=0)                   0.000    10.000    clk_i
    W5                   IBUF (Prop_ibuf_I_O)         1.388    11.388 r  clk_i_IBUF_inst/O
                         net (fo=1, routed)           1.862    13.250    clk_i_IBUF
    BUFGCTRL_X0Y0        BUFG (Prop_bufg_I_O)         0.091    13.341 r  clk_i_IBUF_BUFG_inst/O
                         net (fo=90, routed)          1.513    14.854    clk_i_IBUF_BUFG
    SLICE_X58Y14         FDRE                                         r  temps_rest_reg[5]/C
                         clock pessimism              0.260    15.114    
                         clock uncertainty           -0.035    15.079    
    SLICE_X58Y14         FDRE (Setup_fdre_C_CE)      -0.205    14.874    temps_rest_reg[5]
  -------------------------------------------------------------------
                         required time                         14.874    
                         arrival time                         -11.389    
  -------------------------------------------------------------------
                         slack                                  3.485    

Slack (MET) :             3.485ns  (required time - arrival time)
  Source:                 temps_rest_reg[4]/C
                            (rising edge-triggered cell FDRE clocked by sys_clk_pin  {rise@0.000ns fall@5.000ns period=10.000ns})
  Destination:            temps_rest_reg[8]/CE
                            (rising edge-triggered cell FDRE clocked by sys_clk_pin  {rise@0.000ns fall@5.000ns period=10.000ns})
  Path Group:             sys_clk_pin
  Path Type:              Setup (Max at Slow Process Corner)
  Requirement:            10.000ns  (sys_clk_pin rise@10.000ns - sys_clk_pin rise@0.000ns)
  Data Path Delay:        6.233ns  (logic 1.740ns (27.918%)  route 4.493ns (72.082%))
  Logic Levels:           5  (CARRY4=1 LUT1=1 LUT4=1 LUT6=2)
  Clock Path Skew:        -0.042ns (DCD - SCD + CPR)
    Destination Clock Delay (DCD):    4.854ns = ( 14.854 - 10.000 ) 
    Source Clock Delay      (SCD):    5.156ns
    Clock Pessimism Removal (CPR):    0.260ns
  Clock Uncertainty:      0.035ns  ((TSJ^2 + TIJ^2)^1/2 + DJ) / 2 + PE
    Total System Jitter     (TSJ):    0.071ns
    Total Input Jitter      (TIJ):    0.000ns
    Discrete Jitter          (DJ):    0.000ns
    Phase Error              (PE):    0.000ns

    Location             Delay type                Incr(ns)  Path(ns)    Netlist Resource(s)
  -------------------------------------------------------------------    -------------------
                         (clock sys_clk_pin rise edge)
                                                      0.000     0.000 r  
    W5                                                0.000     0.000 r  clk_i (IN)
                         net (fo=0)                   0.000     0.000    clk_i
    W5                   IBUF (Prop_ibuf_I_O)         1.458     1.458 r  clk_i_IBUF_inst/O
                         net (fo=1, routed)           1.967     3.425    clk_i_IBUF
    BUFGCTRL_X0Y0        BUFG (Prop_bufg_I_O)         0.096     3.521 r  clk_i_IBUF_BUFG_inst/O
                         net (fo=90, routed)          1.635     5.156    clk_i_IBUF_BUFG
    SLICE_X62Y11         FDRE                                         r  temps_rest_reg[4]/C
  -------------------------------------------------------------------    -------------------
    SLICE_X62Y11         FDRE (Prop_fdre_C_Q)         0.456     5.612 f  temps_rest_reg[4]/Q
                         net (fo=13, routed)          0.919     6.531    temps_rest_reg_n_0_[4]
    SLICE_X57Y8          LUT1 (Prop_lut1_I0_O)        0.124     6.655 r  temps_rest[7]_i_8/O
                         net (fo=1, routed)           0.000     6.655    temps_rest[7]_i_8_n_0
    SLICE_X57Y8          CARRY4 (Prop_carry4_S[0]_O[3])
                                                      0.606     7.261 f  temps_rest_reg[7]_i_7/O[3]
                         net (fo=2, routed)           1.056     8.317    temps_rest_reg[7]_i_7_n_4
    SLICE_X58Y9          LUT4 (Prop_lut4_I0_O)        0.306     8.623 r  temps_rest[12]_i_17/O
                         net (fo=25, routed)          1.131     9.753    temps_rest[12]_i_17_n_0
    SLICE_X55Y11         LUT6 (Prop_lut6_I3_O)        0.124     9.877 r  temps_rest[12]_i_6/O
                         net (fo=1, routed)           0.613    10.490    temps_rest[12]_i_6_n_0
    SLICE_X56Y11         LUT6 (Prop_lut6_I3_O)        0.124    10.614 r  temps_rest[12]_i_1/O
                         net (fo=13, routed)          0.775    11.389    temps_rest[12]_i_1_n_0
    SLICE_X59Y14         FDRE                                         r  temps_rest_reg[8]/CE
  -------------------------------------------------------------------    -------------------

                         (clock sys_clk_pin rise edge)
                                                     10.000    10.000 r  
    W5                                                0.000    10.000 r  clk_i (IN)
                         net (fo=0)                   0.000    10.000    clk_i
    W5                   IBUF (Prop_ibuf_I_O)         1.388    11.388 r  clk_i_IBUF_inst/O
                         net (fo=1, routed)           1.862    13.250    clk_i_IBUF
    BUFGCTRL_X0Y0        BUFG (Prop_bufg_I_O)         0.091    13.341 r  clk_i_IBUF_BUFG_inst/O
                         net (fo=90, routed)          1.513    14.854    clk_i_IBUF_BUFG
    SLICE_X59Y14         FDRE                                         r  temps_rest_reg[8]/C
                         clock pessimism              0.260    15.114    
                         clock uncertainty           -0.035    15.079    
    SLICE_X59Y14         FDRE (Setup_fdre_C_CE)      -0.205    14.874    temps_rest_reg[8]
  -------------------------------------------------------------------
                         required time                         14.874    
                         arrival time                         -11.389    
  -------------------------------------------------------------------
                         slack                                  3.485    

Slack (MET) :             3.515ns  (required time - arrival time)
  Source:                 temps_rest_reg[4]/C
                            (rising edge-triggered cell FDRE clocked by sys_clk_pin  {rise@0.000ns fall@5.000ns period=10.000ns})
  Destination:            temps_rest_reg[2]/CE
                            (rising edge-triggered cell FDRE clocked by sys_clk_pin  {rise@0.000ns fall@5.000ns period=10.000ns})
  Path Group:             sys_clk_pin
  Path Type:              Setup (Max at Slow Process Corner)
  Requirement:            10.000ns  (sys_clk_pin rise@10.000ns - sys_clk_pin rise@0.000ns)
  Data Path Delay:        6.206ns  (logic 1.740ns (28.039%)  route 4.466ns (71.961%))
  Logic Levels:           5  (CARRY4=1 LUT1=1 LUT4=1 LUT6=2)
  Clock Path Skew:        -0.039ns (DCD - SCD + CPR)
    Destination Clock Delay (DCD):    4.857ns = ( 14.857 - 10.000 ) 
    Source Clock Delay      (SCD):    5.156ns
    Clock Pessimism Removal (CPR):    0.260ns
  Clock Uncertainty:      0.035ns  ((TSJ^2 + TIJ^2)^1/2 + DJ) / 2 + PE
    Total System Jitter     (TSJ):    0.071ns
    Total Input Jitter      (TIJ):    0.000ns
    Discrete Jitter          (DJ):    0.000ns
    Phase Error              (PE):    0.000ns

    Location             Delay type                Incr(ns)  Path(ns)    Netlist Resource(s)
  -------------------------------------------------------------------    -------------------
                         (clock sys_clk_pin rise edge)
                                                      0.000     0.000 r  
    W5                                                0.000     0.000 r  clk_i (IN)
                         net (fo=0)                   0.000     0.000    clk_i
    W5                   IBUF (Prop_ibuf_I_O)         1.458     1.458 r  clk_i_IBUF_inst/O
                         net (fo=1, routed)           1.967     3.425    clk_i_IBUF
    BUFGCTRL_X0Y0        BUFG (Prop_bufg_I_O)         0.096     3.521 r  clk_i_IBUF_BUFG_inst/O
                         net (fo=90, routed)          1.635     5.156    clk_i_IBUF_BUFG
    SLICE_X62Y11         FDRE                                         r  temps_rest_reg[4]/C
  -------------------------------------------------------------------    -------------------
    SLICE_X62Y11         FDRE (Prop_fdre_C_Q)         0.456     5.612 f  temps_rest_reg[4]/Q
                         net (fo=13, routed)          0.919     6.531    temps_rest_reg_n_0_[4]
    SLICE_X57Y8          LUT1 (Prop_lut1_I0_O)        0.124     6.655 r  temps_rest[7]_i_8/O
                         net (fo=1, routed)           0.000     6.655    temps_rest[7]_i_8_n_0
    SLICE_X57Y8          CARRY4 (Prop_carry4_S[0]_O[3])
                                                      0.606     7.261 f  temps_rest_reg[7]_i_7/O[3]
                         net (fo=2, routed)           1.056     8.317    temps_rest_reg[7]_i_7_n_4
    SLICE_X58Y9          LUT4 (Prop_lut4_I0_O)        0.306     8.623 r  temps_rest[12]_i_17/O
                         net (fo=25, routed)          1.131     9.753    temps_rest[12]_i_17_n_0
    SLICE_X55Y11         LUT6 (Prop_lut6_I3_O)        0.124     9.877 r  temps_rest[12]_i_6/O
                         net (fo=1, routed)           0.613    10.490    temps_rest[12]_i_6_n_0
    SLICE_X56Y11         LUT6 (Prop_lut6_I3_O)        0.124    10.614 r  temps_rest[12]_i_1/O
                         net (fo=13, routed)          0.748    11.362    temps_rest[12]_i_1_n_0
    SLICE_X59Y10         FDRE                                         r  temps_rest_reg[2]/CE
  -------------------------------------------------------------------    -------------------

                         (clock sys_clk_pin rise edge)
                                                     10.000    10.000 r  
    W5                                                0.000    10.000 r  clk_i (IN)
                         net (fo=0)                   0.000    10.000    clk_i
    W5                   IBUF (Prop_ibuf_I_O)         1.388    11.388 r  clk_i_IBUF_inst/O
                         net (fo=1, routed)           1.862    13.250    clk_i_IBUF
    BUFGCTRL_X0Y0        BUFG (Prop_bufg_I_O)         0.091    13.341 r  clk_i_IBUF_BUFG_inst/O
                         net (fo=90, routed)          1.516    14.857    clk_i_IBUF_BUFG
    SLICE_X59Y10         FDRE                                         r  temps_rest_reg[2]/C
                         clock pessimism              0.260    15.117    
                         clock uncertainty           -0.035    15.082    
    SLICE_X59Y10         FDRE (Setup_fdre_C_CE)      -0.205    14.877    temps_rest_reg[2]
  -------------------------------------------------------------------
                         required time                         14.877    
                         arrival time                         -11.362    
  -------------------------------------------------------------------
                         slack                                  3.515    

Slack (MET) :             3.515ns  (required time - arrival time)
  Source:                 temps_rest_reg[4]/C
                            (rising edge-triggered cell FDRE clocked by sys_clk_pin  {rise@0.000ns fall@5.000ns period=10.000ns})
  Destination:            temps_rest_reg[7]/CE
                            (rising edge-triggered cell FDRE clocked by sys_clk_pin  {rise@0.000ns fall@5.000ns period=10.000ns})
  Path Group:             sys_clk_pin
  Path Type:              Setup (Max at Slow Process Corner)
  Requirement:            10.000ns  (sys_clk_pin rise@10.000ns - sys_clk_pin rise@0.000ns)
  Data Path Delay:        6.206ns  (logic 1.740ns (28.039%)  route 4.466ns (71.961%))
  Logic Levels:           5  (CARRY4=1 LUT1=1 LUT4=1 LUT6=2)
  Clock Path Skew:        -0.039ns (DCD - SCD + CPR)
    Destination Clock Delay (DCD):    4.857ns = ( 14.857 - 10.000 ) 
    Source Clock Delay      (SCD):    5.156ns
    Clock Pessimism Removal (CPR):    0.260ns
  Clock Uncertainty:      0.035ns  ((TSJ^2 + TIJ^2)^1/2 + DJ) / 2 + PE
    Total System Jitter     (TSJ):    0.071ns
    Total Input Jitter      (TIJ):    0.000ns
    Discrete Jitter          (DJ):    0.000ns
    Phase Error              (PE):    0.000ns

    Location             Delay type                Incr(ns)  Path(ns)    Netlist Resource(s)
  -------------------------------------------------------------------    -------------------
                         (clock sys_clk_pin rise edge)
                                                      0.000     0.000 r  
    W5                                                0.000     0.000 r  clk_i (IN)
                         net (fo=0)                   0.000     0.000    clk_i
    W5                   IBUF (Prop_ibuf_I_O)         1.458     1.458 r  clk_i_IBUF_inst/O
                         net (fo=1, routed)           1.967     3.425    clk_i_IBUF
    BUFGCTRL_X0Y0        BUFG (Prop_bufg_I_O)         0.096     3.521 r  clk_i_IBUF_BUFG_inst/O
                         net (fo=90, routed)          1.635     5.156    clk_i_IBUF_BUFG
    SLICE_X62Y11         FDRE                                         r  temps_rest_reg[4]/C
  -------------------------------------------------------------------    -------------------
    SLICE_X62Y11         FDRE (Prop_fdre_C_Q)         0.456     5.612 f  temps_rest_reg[4]/Q
                         net (fo=13, routed)          0.919     6.531    temps_rest_reg_n_0_[4]
    SLICE_X57Y8          LUT1 (Prop_lut1_I0_O)        0.124     6.655 r  temps_rest[7]_i_8/O
                         net (fo=1, routed)           0.000     6.655    temps_rest[7]_i_8_n_0
    SLICE_X57Y8          CARRY4 (Prop_carry4_S[0]_O[3])
                                                      0.606     7.261 f  temps_rest_reg[7]_i_7/O[3]
                         net (fo=2, routed)           1.056     8.317    temps_rest_reg[7]_i_7_n_4
    SLICE_X58Y9          LUT4 (Prop_lut4_I0_O)        0.306     8.623 r  temps_rest[12]_i_17/O
                         net (fo=25, routed)          1.131     9.753    temps_rest[12]_i_17_n_0
    SLICE_X55Y11         LUT6 (Prop_lut6_I3_O)        0.124     9.877 r  temps_rest[12]_i_6/O
                         net (fo=1, routed)           0.613    10.490    temps_rest[12]_i_6_n_0
    SLICE_X56Y11         LUT6 (Prop_lut6_I3_O)        0.124    10.614 r  temps_rest[12]_i_1/O
                         net (fo=13, routed)          0.748    11.362    temps_rest[12]_i_1_n_0
    SLICE_X59Y10         FDRE                                         r  temps_rest_reg[7]/CE
  -------------------------------------------------------------------    -------------------

                         (clock sys_clk_pin rise edge)
                                                     10.000    10.000 r  
    W5                                                0.000    10.000 r  clk_i (IN)
                         net (fo=0)                   0.000    10.000    clk_i
    W5                   IBUF (Prop_ibuf_I_O)         1.388    11.388 r  clk_i_IBUF_inst/O
                         net (fo=1, routed)           1.862    13.250    clk_i_IBUF
    BUFGCTRL_X0Y0        BUFG (Prop_bufg_I_O)         0.091    13.341 r  clk_i_IBUF_BUFG_inst/O
                         net (fo=90, routed)          1.516    14.857    clk_i_IBUF_BUFG
    SLICE_X59Y10         FDRE                                         r  temps_rest_reg[7]/C
                         clock pessimism              0.260    15.117    
                         clock uncertainty           -0.035    15.082    
    SLICE_X59Y10         FDRE (Setup_fdre_C_CE)      -0.205    14.877    temps_rest_reg[7]
  -------------------------------------------------------------------
                         required time                         14.877    
                         arrival time                         -11.362    
  -------------------------------------------------------------------
                         slack                                  3.515    

Slack (MET) :             3.528ns  (required time - arrival time)
  Source:                 temps_rest_reg[4]/C
                            (rising edge-triggered cell FDRE clocked by sys_clk_pin  {rise@0.000ns fall@5.000ns period=10.000ns})
  Destination:            temps_rest_reg[10]/CE
                            (rising edge-triggered cell FDRE clocked by sys_clk_pin  {rise@0.000ns fall@5.000ns period=10.000ns})
  Path Group:             sys_clk_pin
  Path Type:              Setup (Max at Slow Process Corner)
  Requirement:            10.000ns  (sys_clk_pin rise@10.000ns - sys_clk_pin rise@0.000ns)
  Data Path Delay:        6.190ns  (logic 1.740ns (28.110%)  route 4.450ns (71.890%))
  Logic Levels:           5  (CARRY4=1 LUT1=1 LUT4=1 LUT6=2)
  Clock Path Skew:        -0.042ns (DCD - SCD + CPR)
    Destination Clock Delay (DCD):    4.854ns = ( 14.854 - 10.000 ) 
    Source Clock Delay      (SCD):    5.156ns
    Clock Pessimism Removal (CPR):    0.260ns
  Clock Uncertainty:      0.035ns  ((TSJ^2 + TIJ^2)^1/2 + DJ) / 2 + PE
    Total System Jitter     (TSJ):    0.071ns
    Total Input Jitter      (TIJ):    0.000ns
    Discrete Jitter          (DJ):    0.000ns
    Phase Error              (PE):    0.000ns

    Location             Delay type                Incr(ns)  Path(ns)    Netlist Resource(s)
  -------------------------------------------------------------------    -------------------
                         (clock sys_clk_pin rise edge)
                                                      0.000     0.000 r  
    W5                                                0.000     0.000 r  clk_i (IN)
                         net (fo=0)                   0.000     0.000    clk_i
    W5                   IBUF (Prop_ibuf_I_O)         1.458     1.458 r  clk_i_IBUF_inst/O
                         net (fo=1, routed)           1.967     3.425    clk_i_IBUF
    BUFGCTRL_X0Y0        BUFG (Prop_bufg_I_O)         0.096     3.521 r  clk_i_IBUF_BUFG_inst/O
                         net (fo=90, routed)          1.635     5.156    clk_i_IBUF_BUFG
    SLICE_X62Y11         FDRE                                         r  temps_rest_reg[4]/C
  -------------------------------------------------------------------    -------------------
    SLICE_X62Y11         FDRE (Prop_fdre_C_Q)         0.456     5.612 f  temps_rest_reg[4]/Q
                         net (fo=13, routed)          0.919     6.531    temps_rest_reg_n_0_[4]
    SLICE_X57Y8          LUT1 (Prop_lut1_I0_O)        0.124     6.655 r  temps_rest[7]_i_8/O
                         net (fo=1, routed)           0.000     6.655    temps_rest[7]_i_8_n_0
    SLICE_X57Y8          CARRY4 (Prop_carry4_S[0]_O[3])
                                                      0.606     7.261 f  temps_rest_reg[7]_i_7/O[3]
                         net (fo=2, routed)           1.056     8.317    temps_rest_reg[7]_i_7_n_4
    SLICE_X58Y9          LUT4 (Prop_lut4_I0_O)        0.306     8.623 r  temps_rest[12]_i_17/O
                         net (fo=25, routed)          1.131     9.753    temps_rest[12]_i_17_n_0
    SLICE_X55Y11         LUT6 (Prop_lut6_I3_O)        0.124     9.877 r  temps_rest[12]_i_6/O
                         net (fo=1, routed)           0.613    10.490    temps_rest[12]_i_6_n_0
    SLICE_X56Y11         LUT6 (Prop_lut6_I3_O)        0.124    10.614 r  temps_rest[12]_i_1/O
                         net (fo=13, routed)          0.732    11.346    temps_rest[12]_i_1_n_0
    SLICE_X61Y13         FDRE                                         r  temps_rest_reg[10]/CE
  -------------------------------------------------------------------    -------------------

                         (clock sys_clk_pin rise edge)
                                                     10.000    10.000 r  
    W5                                                0.000    10.000 r  clk_i (IN)
                         net (fo=0)                   0.000    10.000    clk_i
    W5                   IBUF (Prop_ibuf_I_O)         1.388    11.388 r  clk_i_IBUF_inst/O
                         net (fo=1, routed)           1.862    13.250    clk_i_IBUF
    BUFGCTRL_X0Y0        BUFG (Prop_bufg_I_O)         0.091    13.341 r  clk_i_IBUF_BUFG_inst/O
                         net (fo=90, routed)          1.513    14.854    clk_i_IBUF_BUFG
    SLICE_X61Y13         FDRE                                         r  temps_rest_reg[10]/C
                         clock pessimism              0.260    15.114    
                         clock uncertainty           -0.035    15.079    
    SLICE_X61Y13         FDRE (Setup_fdre_C_CE)      -0.205    14.874    temps_rest_reg[10]
  -------------------------------------------------------------------
                         required time                         14.874    
                         arrival time                         -11.346    
  -------------------------------------------------------------------
                         slack                                  3.528    

Slack (MET) :             3.563ns  (required time - arrival time)
  Source:                 temps_rest_reg[4]/C
                            (rising edge-triggered cell FDRE clocked by sys_clk_pin  {rise@0.000ns fall@5.000ns period=10.000ns})
  Destination:            temps_rest_reg[3]/CE
                            (rising edge-triggered cell FDRE clocked by sys_clk_pin  {rise@0.000ns fall@5.000ns period=10.000ns})
  Path Group:             sys_clk_pin
  Path Type:              Setup (Max at Slow Process Corner)
  Requirement:            10.000ns  (sys_clk_pin rise@10.000ns - sys_clk_pin rise@0.000ns)
  Data Path Delay:        6.193ns  (logic 1.740ns (28.095%)  route 4.453ns (71.905%))
  Logic Levels:           5  (CARRY4=1 LUT1=1 LUT4=1 LUT6=2)
  Clock Path Skew:        -0.039ns (DCD - SCD + CPR)
    Destination Clock Delay (DCD):    4.857ns = ( 14.857 - 10.000 ) 
    Source Clock Delay      (SCD):    5.156ns
    Clock Pessimism Removal (CPR):    0.260ns
  Clock Uncertainty:      0.035ns  ((TSJ^2 + TIJ^2)^1/2 + DJ) / 2 + PE
    Total System Jitter     (TSJ):    0.071ns
    Total Input Jitter      (TIJ):    0.000ns
    Discrete Jitter          (DJ):    0.000ns
    Phase Error              (PE):    0.000ns

    Location             Delay type                Incr(ns)  Path(ns)    Netlist Resource(s)
  -------------------------------------------------------------------    -------------------
                         (clock sys_clk_pin rise edge)
                                                      0.000     0.000 r  
    W5                                                0.000     0.000 r  clk_i (IN)
                         net (fo=0)                   0.000     0.000    clk_i
    W5                   IBUF (Prop_ibuf_I_O)         1.458     1.458 r  clk_i_IBUF_inst/O
                         net (fo=1, routed)           1.967     3.425    clk_i_IBUF
    BUFGCTRL_X0Y0        BUFG (Prop_bufg_I_O)         0.096     3.521 r  clk_i_IBUF_BUFG_inst/O
                         net (fo=90, routed)          1.635     5.156    clk_i_IBUF_BUFG
    SLICE_X62Y11         FDRE                                         r  temps_rest_reg[4]/C
  -------------------------------------------------------------------    -------------------
    SLICE_X62Y11         FDRE (Prop_fdre_C_Q)         0.456     5.612 f  temps_rest_reg[4]/Q
                         net (fo=13, routed)          0.919     6.531    temps_rest_reg_n_0_[4]
    SLICE_X57Y8          LUT1 (Prop_lut1_I0_O)        0.124     6.655 r  temps_rest[7]_i_8/O
                         net (fo=1, routed)           0.000     6.655    temps_rest[7]_i_8_n_0
    SLICE_X57Y8          CARRY4 (Prop_carry4_S[0]_O[3])
                                                      0.606     7.261 f  temps_rest_reg[7]_i_7/O[3]
                         net (fo=2, routed)           1.056     8.317    temps_rest_reg[7]_i_7_n_4
    SLICE_X58Y9          LUT4 (Prop_lut4_I0_O)        0.306     8.623 r  temps_rest[12]_i_17/O
                         net (fo=25, routed)          1.131     9.753    temps_rest[12]_i_17_n_0
    SLICE_X55Y11         LUT6 (Prop_lut6_I3_O)        0.124     9.877 r  temps_rest[12]_i_6/O
                         net (fo=1, routed)           0.613    10.490    temps_rest[12]_i_6_n_0
    SLICE_X56Y11         LUT6 (Prop_lut6_I3_O)        0.124    10.614 r  temps_rest[12]_i_1/O
                         net (fo=13, routed)          0.736    11.350    temps_rest[12]_i_1_n_0
    SLICE_X60Y10         FDRE                                         r  temps_rest_reg[3]/CE
  -------------------------------------------------------------------    -------------------

                         (clock sys_clk_pin rise edge)
                                                     10.000    10.000 r  
    W5                                                0.000    10.000 r  clk_i (IN)
                         net (fo=0)                   0.000    10.000    clk_i
    W5                   IBUF (Prop_ibuf_I_O)         1.388    11.388 r  clk_i_IBUF_inst/O
                         net (fo=1, routed)           1.862    13.250    clk_i_IBUF
    BUFGCTRL_X0Y0        BUFG (Prop_bufg_I_O)         0.091    13.341 r  clk_i_IBUF_BUFG_inst/O
                         net (fo=90, routed)          1.516    14.857    clk_i_IBUF_BUFG
    SLICE_X60Y10         FDRE                                         r  temps_rest_reg[3]/C
                         clock pessimism              0.260    15.117    
                         clock uncertainty           -0.035    15.082    
    SLICE_X60Y10         FDRE (Setup_fdre_C_CE)      -0.169    14.913    temps_rest_reg[3]
  -------------------------------------------------------------------
                         required time                         14.913    
                         arrival time                         -11.350    
  -------------------------------------------------------------------
                         slack                                  3.563    





Min Delay Paths
--------------------------------------------------------------------------------------
Slack (MET) :             0.140ns  (arrival time - required time)
  Source:                 left_prev_reg/C
                            (rising edge-triggered cell FDRE clocked by sys_clk_pin  {rise@0.000ns fall@5.000ns period=10.000ns})
  Destination:            left_pulse_reg/D
                            (rising edge-triggered cell FDRE clocked by sys_clk_pin  {rise@0.000ns fall@5.000ns period=10.000ns})
  Path Group:             sys_clk_pin
  Path Type:              Hold (Min at Fast Process Corner)
  Requirement:            0.000ns  (sys_clk_pin rise@0.000ns - sys_clk_pin rise@0.000ns)
  Data Path Delay:        0.273ns  (logic 0.186ns (68.106%)  route 0.087ns (31.894%))
  Logic Levels:           1  (LUT2=1)
  Clock Path Skew:        0.013ns (DCD - SCD - CPR)
    Destination Clock Delay (DCD):    1.984ns
    Source Clock Delay      (SCD):    1.472ns
    Clock Pessimism Removal (CPR):    0.499ns

    Location             Delay type                Incr(ns)  Path(ns)    Netlist Resource(s)
  -------------------------------------------------------------------    -------------------
                         (clock sys_clk_pin rise edge)
                                                      0.000     0.000 r  
    W5                                                0.000     0.000 r  clk_i (IN)
                         net (fo=0)                   0.000     0.000    clk_i
    W5                   IBUF (Prop_ibuf_I_O)         0.226     0.226 r  clk_i_IBUF_inst/O
                         net (fo=1, routed)           0.631     0.858    clk_i_IBUF
    BUFGCTRL_X0Y0        BUFG (Prop_bufg_I_O)         0.026     0.884 r  clk_i_IBUF_BUFG_inst/O
                         net (fo=90, routed)          0.589     1.472    clk_i_IBUF_BUFG
    SLICE_X61Y16         FDRE                                         r  left_prev_reg/C
  -------------------------------------------------------------------    -------------------
    SLICE_X61Y16         FDRE (Prop_fdre_C_Q)         0.141     1.613 f  left_prev_reg/Q
                         net (fo=1, routed)           0.087     1.700    left_prev
    SLICE_X60Y16         LUT2 (Prop_lut2_I1_O)        0.045     1.745 r  left_pulse_i_1/O
                         net (fo=1, routed)           0.000     1.745    left_pulse0
    SLICE_X60Y16         FDRE                                         r  left_pulse_reg/D
  -------------------------------------------------------------------    -------------------

                         (clock sys_clk_pin rise edge)
                                                      0.000     0.000 r  
    W5                                                0.000     0.000 r  clk_i (IN)
                         net (fo=0)                   0.000     0.000    clk_i
    W5                   IBUF (Prop_ibuf_I_O)         0.414     0.414 r  clk_i_IBUF_inst/O
                         net (fo=1, routed)           0.685     1.099    clk_i_IBUF
    BUFGCTRL_X0Y0        BUFG (Prop_bufg_I_O)         0.029     1.128 r  clk_i_IBUF_BUFG_inst/O
                         net (fo=90, routed)          0.857     1.984    clk_i_IBUF_BUFG
    SLICE_X60Y16         FDRE                                         r  left_pulse_reg/C
                         clock pessimism             -0.499     1.485    
    SLICE_X60Y16         FDRE (Hold_fdre_C_D)         0.120     1.605    left_pulse_reg
  -------------------------------------------------------------------
                         required time                         -1.605    
                         arrival time                           1.745    
  -------------------------------------------------------------------
                         slack                                  0.140    

Slack (MET) :             0.175ns  (arrival time - required time)
  Source:                 down_sync1_reg/C
                            (rising edge-triggered cell FDRE clocked by sys_clk_pin  {rise@0.000ns fall@5.000ns period=10.000ns})
  Destination:            down_sync2_reg/D
                            (rising edge-triggered cell FDRE clocked by sys_clk_pin  {rise@0.000ns fall@5.000ns period=10.000ns})
  Path Group:             sys_clk_pin
  Path Type:              Hold (Min at Fast Process Corner)
  Requirement:            0.000ns  (sys_clk_pin rise@0.000ns - sys_clk_pin rise@0.000ns)
  Data Path Delay:        0.263ns  (logic 0.141ns (53.607%)  route 0.122ns (46.393%))
  Logic Levels:           0  
  Clock Path Skew:        0.013ns (DCD - SCD - CPR)
    Destination Clock Delay (DCD):    1.988ns
    Source Clock Delay      (SCD):    1.474ns
    Clock Pessimism Removal (CPR):    0.501ns

    Location             Delay type                Incr(ns)  Path(ns)    Netlist Resource(s)
  -------------------------------------------------------------------    -------------------
                         (clock sys_clk_pin rise edge)
                                                      0.000     0.000 r  
    W5                                                0.000     0.000 r  clk_i (IN)
                         net (fo=0)                   0.000     0.000    clk_i
    W5                   IBUF (Prop_ibuf_I_O)         0.226     0.226 r  clk_i_IBUF_inst/O
                         net (fo=1, routed)           0.631     0.858    clk_i_IBUF
    BUFGCTRL_X0Y0        BUFG (Prop_bufg_I_O)         0.026     0.884 r  clk_i_IBUF_BUFG_inst/O
                         net (fo=90, routed)          0.591     1.474    clk_i_IBUF_BUFG
    SLICE_X63Y14         FDRE                                         r  down_sync1_reg/C
  -------------------------------------------------------------------    -------------------
    SLICE_X63Y14         FDRE (Prop_fdre_C_Q)         0.141     1.615 r  down_sync1_reg/Q
                         net (fo=1, routed)           0.122     1.737    down_sync1
    SLICE_X62Y14         FDRE                                         r  down_sync2_reg/D
  -------------------------------------------------------------------    -------------------

                         (clock sys_clk_pin rise edge)
                                                      0.000     0.000 r  
    W5                                                0.000     0.000 r  clk_i (IN)
                         net (fo=0)                   0.000     0.000    clk_i
    W5                   IBUF (Prop_ibuf_I_O)         0.414     0.414 r  clk_i_IBUF_inst/O
                         net (fo=1, routed)           0.685     1.099    clk_i_IBUF
    BUFGCTRL_X0Y0        BUFG (Prop_bufg_I_O)         0.029     1.128 r  clk_i_IBUF_BUFG_inst/O
                         net (fo=90, routed)          0.861     1.988    clk_i_IBUF_BUFG
    SLICE_X62Y14         FDRE                                         r  down_sync2_reg/C
                         clock pessimism             -0.501     1.487    
    SLICE_X62Y14         FDRE (Hold_fdre_C_D)         0.075     1.562    down_sync2_reg
  -------------------------------------------------------------------
                         required time                         -1.562    
                         arrival time                           1.737    
  -------------------------------------------------------------------
                         slack                                  0.175    

Slack (MET) :             0.179ns  (arrival time - required time)
  Source:                 down_prev_reg/C
                            (rising edge-triggered cell FDRE clocked by sys_clk_pin  {rise@0.000ns fall@5.000ns period=10.000ns})
  Destination:            down_pulse_reg/D
                            (rising edge-triggered cell FDRE clocked by sys_clk_pin  {rise@0.000ns fall@5.000ns period=10.000ns})
  Path Group:             sys_clk_pin
  Path Type:              Hold (Min at Fast Process Corner)
  Requirement:            0.000ns  (sys_clk_pin rise@0.000ns - sys_clk_pin rise@0.000ns)
  Data Path Delay:        0.283ns  (logic 0.186ns (65.755%)  route 0.097ns (34.245%))
  Logic Levels:           1  (LUT2=1)
  Clock Path Skew:        0.013ns (DCD - SCD - CPR)
    Destination Clock Delay (DCD):    1.988ns
    Source Clock Delay      (SCD):    1.474ns
    Clock Pessimism Removal (CPR):    0.501ns

    Location             Delay type                Incr(ns)  Path(ns)    Netlist Resource(s)
  -------------------------------------------------------------------    -------------------
                         (clock sys_clk_pin rise edge)
                                                      0.000     0.000 r  
    W5                                                0.000     0.000 r  clk_i (IN)
                         net (fo=0)                   0.000     0.000    clk_i
    W5                   IBUF (Prop_ibuf_I_O)         0.226     0.226 r  clk_i_IBUF_inst/O
                         net (fo=1, routed)           0.631     0.858    clk_i_IBUF
    BUFGCTRL_X0Y0        BUFG (Prop_bufg_I_O)         0.026     0.884 r  clk_i_IBUF_BUFG_inst/O
                         net (fo=90, routed)          0.591     1.474    clk_i_IBUF_BUFG
    SLICE_X63Y14         FDRE                                         r  down_prev_reg/C
  -------------------------------------------------------------------    -------------------
    SLICE_X63Y14         FDRE (Prop_fdre_C_Q)         0.141     1.615 f  down_prev_reg/Q
                         net (fo=1, routed)           0.097     1.712    down_prev
    SLICE_X62Y14         LUT2 (Prop_lut2_I1_O)        0.045     1.757 r  down_pulse_i_1/O
                         net (fo=1, routed)           0.000     1.757    down_pulse0
    SLICE_X62Y14         FDRE                                         r  down_pulse_reg/D
  -------------------------------------------------------------------    -------------------

                         (clock sys_clk_pin rise edge)
                                                      0.000     0.000 r  
    W5                                                0.000     0.000 r  clk_i (IN)
                         net (fo=0)                   0.000     0.000    clk_i
    W5                   IBUF (Prop_ibuf_I_O)         0.414     0.414 r  clk_i_IBUF_inst/O
                         net (fo=1, routed)           0.685     1.099    clk_i_IBUF
    BUFGCTRL_X0Y0        BUFG (Prop_bufg_I_O)         0.029     1.128 r  clk_i_IBUF_BUFG_inst/O
                         net (fo=90, routed)          0.861     1.988    clk_i_IBUF_BUFG
    SLICE_X62Y14         FDRE                                         r  down_pulse_reg/C
                         clock pessimism             -0.501     1.487    
    SLICE_X62Y14         FDRE (Hold_fdre_C_D)         0.091     1.578    down_pulse_reg
  -------------------------------------------------------------------
                         required time                         -1.578    
                         arrival time                           1.757    
  -------------------------------------------------------------------
                         slack                                  0.179    

Slack (MET) :             0.190ns  (arrival time - required time)
  Source:                 right_prev_reg/C
                            (rising edge-triggered cell FDRE clocked by sys_clk_pin  {rise@0.000ns fall@5.000ns period=10.000ns})
  Destination:            right_pulse_reg/D
                            (rising edge-triggered cell FDRE clocked by sys_clk_pin  {rise@0.000ns fall@5.000ns period=10.000ns})
  Path Group:             sys_clk_pin
  Path Type:              Hold (Min at Fast Process Corner)
  Requirement:            0.000ns  (sys_clk_pin rise@0.000ns - sys_clk_pin rise@0.000ns)
  Data Path Delay:        0.281ns  (logic 0.227ns (80.665%)  route 0.054ns (19.335%))
  Logic Levels:           1  (LUT2=1)
  Clock Path Skew:        0.000ns (DCD - SCD - CPR)
    Destination Clock Delay (DCD):    1.960ns
    Source Clock Delay      (SCD):    1.448ns
    Clock Pessimism Removal (CPR):    0.512ns

    Location             Delay type                Incr(ns)  Path(ns)    Netlist Resource(s)
  -------------------------------------------------------------------    -------------------
                         (clock sys_clk_pin rise edge)
                                                      0.000     0.000 r  
    W5                                                0.000     0.000 r  clk_i (IN)
                         net (fo=0)                   0.000     0.000    clk_i
    W5                   IBUF (Prop_ibuf_I_O)         0.226     0.226 r  clk_i_IBUF_inst/O
                         net (fo=1, routed)           0.631     0.858    clk_i_IBUF
    BUFGCTRL_X0Y0        BUFG (Prop_bufg_I_O)         0.026     0.884 r  clk_i_IBUF_BUFG_inst/O
                         net (fo=90, routed)          0.565     1.448    clk_i_IBUF_BUFG
    SLICE_X57Y12         FDRE                                         r  right_prev_reg/C
  -------------------------------------------------------------------    -------------------
    SLICE_X57Y12         FDRE (Prop_fdre_C_Q)         0.128     1.576 f  right_prev_reg/Q
                         net (fo=1, routed)           0.054     1.631    right_prev
    SLICE_X57Y12         LUT2 (Prop_lut2_I1_O)        0.099     1.730 r  right_pulse_i_1/O
                         net (fo=1, routed)           0.000     1.730    right_pulse0
    SLICE_X57Y12         FDRE                                         r  right_pulse_reg/D
  -------------------------------------------------------------------    -------------------

                         (clock sys_clk_pin rise edge)
                                                      0.000     0.000 r  
    W5                                                0.000     0.000 r  clk_i (IN)
                         net (fo=0)                   0.000     0.000    clk_i
    W5                   IBUF (Prop_ibuf_I_O)         0.414     0.414 r  clk_i_IBUF_inst/O
                         net (fo=1, routed)           0.685     1.099    clk_i_IBUF
    BUFGCTRL_X0Y0        BUFG (Prop_bufg_I_O)         0.029     1.128 r  clk_i_IBUF_BUFG_inst/O
                         net (fo=90, routed)          0.833     1.960    clk_i_IBUF_BUFG
    SLICE_X57Y12         FDRE                                         r  right_pulse_reg/C
                         clock pessimism             -0.512     1.448    
    SLICE_X57Y12         FDRE (Hold_fdre_C_D)         0.091     1.539    right_pulse_reg
  -------------------------------------------------------------------
                         required time                         -1.539    
                         arrival time                           1.730    
  -------------------------------------------------------------------
                         slack                                  0.190    

Slack (MET) :             0.190ns  (arrival time - required time)
  Source:                 stop_prev_reg/C
                            (rising edge-triggered cell FDRE clocked by sys_clk_pin  {rise@0.000ns fall@5.000ns period=10.000ns})
  Destination:            stop_pulse_reg/D
                            (rising edge-triggered cell FDRE clocked by sys_clk_pin  {rise@0.000ns fall@5.000ns period=10.000ns})
  Path Group:             sys_clk_pin
  Path Type:              Hold (Min at Fast Process Corner)
  Requirement:            0.000ns  (sys_clk_pin rise@0.000ns - sys_clk_pin rise@0.000ns)
  Data Path Delay:        0.281ns  (logic 0.227ns (80.665%)  route 0.054ns (19.335%))
  Logic Levels:           1  (LUT2=1)
  Clock Path Skew:        0.000ns (DCD - SCD - CPR)
    Destination Clock Delay (DCD):    1.962ns
    Source Clock Delay      (SCD):    1.447ns
    Clock Pessimism Removal (CPR):    0.515ns

    Location             Delay type                Incr(ns)  Path(ns)    Netlist Resource(s)
  -------------------------------------------------------------------    -------------------
                         (clock sys_clk_pin rise edge)
                                                      0.000     0.000 r  
    W5                                                0.000     0.000 r  clk_i (IN)
                         net (fo=0)                   0.000     0.000    clk_i
    W5                   IBUF (Prop_ibuf_I_O)         0.226     0.226 r  clk_i_IBUF_inst/O
                         net (fo=1, routed)           0.631     0.858    clk_i_IBUF
    BUFGCTRL_X0Y0        BUFG (Prop_bufg_I_O)         0.026     0.884 r  clk_i_IBUF_BUFG_inst/O
                         net (fo=90, routed)          0.564     1.447    clk_i_IBUF_BUFG
    SLICE_X55Y10         FDRE                                         r  stop_prev_reg/C
  -------------------------------------------------------------------    -------------------
    SLICE_X55Y10         FDRE (Prop_fdre_C_Q)         0.128     1.575 f  stop_prev_reg/Q
                         net (fo=1, routed)           0.054     1.630    stop_prev
    SLICE_X55Y10         LUT2 (Prop_lut2_I1_O)        0.099     1.729 r  stop_pulse_i_1/O
                         net (fo=1, routed)           0.000     1.729    stop_pulse0
    SLICE_X55Y10         FDRE                                         r  stop_pulse_reg/D
  -------------------------------------------------------------------    -------------------

                         (clock sys_clk_pin rise edge)
                                                      0.000     0.000 r  
    W5                                                0.000     0.000 r  clk_i (IN)
                         net (fo=0)                   0.000     0.000    clk_i
    W5                   IBUF (Prop_ibuf_I_O)         0.414     0.414 r  clk_i_IBUF_inst/O
                         net (fo=1, routed)           0.685     1.099    clk_i_IBUF
    BUFGCTRL_X0Y0        BUFG (Prop_bufg_I_O)         0.029     1.128 r  clk_i_IBUF_BUFG_inst/O
                         net (fo=90, routed)          0.835     1.962    clk_i_IBUF_BUFG
    SLICE_X55Y10         FDRE                                         r  stop_pulse_reg/C
                         clock pessimism             -0.515     1.447    
    SLICE_X55Y10         FDRE (Hold_fdre_C_D)         0.091     1.538    stop_pulse_reg
  -------------------------------------------------------------------
                         required time                         -1.538    
                         arrival time                           1.729    
  -------------------------------------------------------------------
                         slack                                  0.190    

Slack (MET) :             0.191ns  (arrival time - required time)
  Source:                 up_prev_reg/C
                            (rising edge-triggered cell FDRE clocked by sys_clk_pin  {rise@0.000ns fall@5.000ns period=10.000ns})
  Destination:            up_pulse_reg/D
                            (rising edge-triggered cell FDRE clocked by sys_clk_pin  {rise@0.000ns fall@5.000ns period=10.000ns})
  Path Group:             sys_clk_pin
  Path Type:              Hold (Min at Fast Process Corner)
  Requirement:            0.000ns  (sys_clk_pin rise@0.000ns - sys_clk_pin rise@0.000ns)
  Data Path Delay:        0.325ns  (logic 0.186ns (57.212%)  route 0.139ns (42.788%))
  Logic Levels:           1  (LUT2=1)
  Clock Path Skew:        0.013ns (DCD - SCD - CPR)
    Destination Clock Delay (DCD):    1.984ns
    Source Clock Delay      (SCD):    1.472ns
    Clock Pessimism Removal (CPR):    0.499ns

    Location             Delay type                Incr(ns)  Path(ns)    Netlist Resource(s)
  -------------------------------------------------------------------    -------------------
                         (clock sys_clk_pin rise edge)
                                                      0.000     0.000 r  
    W5                                                0.000     0.000 r  clk_i (IN)
                         net (fo=0)                   0.000     0.000    clk_i
    W5                   IBUF (Prop_ibuf_I_O)         0.226     0.226 r  clk_i_IBUF_inst/O
                         net (fo=1, routed)           0.631     0.858    clk_i_IBUF
    BUFGCTRL_X0Y0        BUFG (Prop_bufg_I_O)         0.026     0.884 r  clk_i_IBUF_BUFG_inst/O
                         net (fo=90, routed)          0.589     1.472    clk_i_IBUF_BUFG
    SLICE_X61Y16         FDRE                                         r  up_prev_reg/C
  -------------------------------------------------------------------    -------------------
    SLICE_X61Y16         FDRE (Prop_fdre_C_Q)         0.141     1.613 f  up_prev_reg/Q
                         net (fo=1, routed)           0.139     1.752    up_prev
    SLICE_X60Y16         LUT2 (Prop_lut2_I1_O)        0.045     1.797 r  up_pulse_i_1/O
                         net (fo=1, routed)           0.000     1.797    up_pulse0
    SLICE_X60Y16         FDRE                                         r  up_pulse_reg/D
  -------------------------------------------------------------------    -------------------

                         (clock sys_clk_pin rise edge)
                                                      0.000     0.000 r  
    W5                                                0.000     0.000 r  clk_i (IN)
                         net (fo=0)                   0.000     0.000    clk_i
    W5                   IBUF (Prop_ibuf_I_O)         0.414     0.414 r  clk_i_IBUF_inst/O
                         net (fo=1, routed)           0.685     1.099    clk_i_IBUF
    BUFGCTRL_X0Y0        BUFG (Prop_bufg_I_O)         0.029     1.128 r  clk_i_IBUF_BUFG_inst/O
                         net (fo=90, routed)          0.857     1.984    clk_i_IBUF_BUFG
    SLICE_X60Y16         FDRE                                         r  up_pulse_reg/C
                         clock pessimism             -0.499     1.485    
    SLICE_X60Y16         FDRE (Hold_fdre_C_D)         0.121     1.606    up_pulse_reg
  -------------------------------------------------------------------
                         required time                         -1.606    
                         arrival time                           1.797    
  -------------------------------------------------------------------
                         slack                                  0.191    

Slack (MET) :             0.196ns  (arrival time - required time)
  Source:                 start_pulse_reg/C
                            (rising edge-triggered cell FDRE clocked by sys_clk_pin  {rise@0.000ns fall@5.000ns period=10.000ns})
  Destination:            state_reg[0]/D
                            (rising edge-triggered cell FDRE clocked by sys_clk_pin  {rise@0.000ns fall@5.000ns period=10.000ns})
  Path Group:             sys_clk_pin
  Path Type:              Hold (Min at Fast Process Corner)
  Requirement:            0.000ns  (sys_clk_pin rise@0.000ns - sys_clk_pin rise@0.000ns)
  Data Path Delay:        0.353ns  (logic 0.209ns (59.165%)  route 0.144ns (40.835%))
  Logic Levels:           1  (LUT6=1)
  Clock Path Skew:        0.037ns (DCD - SCD - CPR)
    Destination Clock Delay (DCD):    1.962ns
    Source Clock Delay      (SCD):    1.447ns
    Clock Pessimism Removal (CPR):    0.478ns

    Location             Delay type                Incr(ns)  Path(ns)    Netlist Resource(s)
  -------------------------------------------------------------------    -------------------
                         (clock sys_clk_pin rise edge)
                                                      0.000     0.000 r  
    W5                                                0.000     0.000 r  clk_i (IN)
                         net (fo=0)                   0.000     0.000    clk_i
    W5                   IBUF (Prop_ibuf_I_O)         0.226     0.226 r  clk_i_IBUF_inst/O
                         net (fo=1, routed)           0.631     0.858    clk_i_IBUF
    BUFGCTRL_X0Y0        BUFG (Prop_bufg_I_O)         0.026     0.884 r  clk_i_IBUF_BUFG_inst/O
                         net (fo=90, routed)          0.564     1.447    clk_i_IBUF_BUFG
    SLICE_X54Y11         FDRE                                         r  start_pulse_reg/C
  -------------------------------------------------------------------    -------------------
    SLICE_X54Y11         FDRE (Prop_fdre_C_Q)         0.164     1.611 r  start_pulse_reg/Q
                         net (fo=1, routed)           0.144     1.755    start_pulse
    SLICE_X56Y10         LUT6 (Prop_lut6_I4_O)        0.045     1.800 r  state[0]_i_1/O
                         net (fo=1, routed)           0.000     1.800    state[0]_i_1_n_0
    SLICE_X56Y10         FDRE                                         r  state_reg[0]/D
  -------------------------------------------------------------------    -------------------

                         (clock sys_clk_pin rise edge)
                                                      0.000     0.000 r  
    W5                                                0.000     0.000 r  clk_i (IN)
                         net (fo=0)                   0.000     0.000    clk_i
    W5                   IBUF (Prop_ibuf_I_O)         0.414     0.414 r  clk_i_IBUF_inst/O
                         net (fo=1, routed)           0.685     1.099    clk_i_IBUF
    BUFGCTRL_X0Y0        BUFG (Prop_bufg_I_O)         0.029     1.128 r  clk_i_IBUF_BUFG_inst/O
                         net (fo=90, routed)          0.835     1.962    clk_i_IBUF_BUFG
    SLICE_X56Y10         FDRE                                         r  state_reg[0]/C
                         clock pessimism             -0.478     1.484    
    SLICE_X56Y10         FDRE (Hold_fdre_C_D)         0.120     1.604    state_reg[0]
  -------------------------------------------------------------------
                         required time                         -1.604    
                         arrival time                           1.800    
  -------------------------------------------------------------------
                         slack                                  0.196    

Slack (MET) :             0.205ns  (arrival time - required time)
  Source:                 start_sync2_reg/C
                            (rising edge-triggered cell FDRE clocked by sys_clk_pin  {rise@0.000ns fall@5.000ns period=10.000ns})
  Destination:            start_pulse_reg/D
                            (rising edge-triggered cell FDRE clocked by sys_clk_pin  {rise@0.000ns fall@5.000ns period=10.000ns})
  Path Group:             sys_clk_pin
  Path Type:              Hold (Min at Fast Process Corner)
  Requirement:            0.000ns  (sys_clk_pin rise@0.000ns - sys_clk_pin rise@0.000ns)
  Data Path Delay:        0.338ns  (logic 0.186ns (54.980%)  route 0.152ns (45.020%))
  Logic Levels:           1  (LUT2=1)
  Clock Path Skew:        0.013ns (DCD - SCD - CPR)
    Destination Clock Delay (DCD):    1.962ns
    Source Clock Delay      (SCD):    1.447ns
    Clock Pessimism Removal (CPR):    0.502ns

    Location             Delay type                Incr(ns)  Path(ns)    Netlist Resource(s)
  -------------------------------------------------------------------    -------------------
                         (clock sys_clk_pin rise edge)
                                                      0.000     0.000 r  
    W5                                                0.000     0.000 r  clk_i (IN)
                         net (fo=0)                   0.000     0.000    clk_i
    W5                   IBUF (Prop_ibuf_I_O)         0.226     0.226 r  clk_i_IBUF_inst/O
                         net (fo=1, routed)           0.631     0.858    clk_i_IBUF
    BUFGCTRL_X0Y0        BUFG (Prop_bufg_I_O)         0.026     0.884 r  clk_i_IBUF_BUFG_inst/O
                         net (fo=90, routed)          0.564     1.447    clk_i_IBUF_BUFG
    SLICE_X55Y11         FDRE                                         r  start_sync2_reg/C
  -------------------------------------------------------------------    -------------------
    SLICE_X55Y11         FDRE (Prop_fdre_C_Q)         0.141     1.588 r  start_sync2_reg/Q
                         net (fo=2, routed)           0.152     1.740    start_sync2
    SLICE_X54Y11         LUT2 (Prop_lut2_I0_O)        0.045     1.785 r  start_pulse_i_1/O
                         net (fo=1, routed)           0.000     1.785    start_pulse0
    SLICE_X54Y11         FDRE                                         r  start_pulse_reg/D
  -------------------------------------------------------------------    -------------------

                         (clock sys_clk_pin rise edge)
                                                      0.000     0.000 r  
    W5                                                0.000     0.000 r  clk_i (IN)
                         net (fo=0)                   0.000     0.000    clk_i
    W5                   IBUF (Prop_ibuf_I_O)         0.414     0.414 r  clk_i_IBUF_inst/O
                         net (fo=1, routed)           0.685     1.099    clk_i_IBUF
    BUFGCTRL_X0Y0        BUFG (Prop_bufg_I_O)         0.029     1.128 r  clk_i_IBUF_BUFG_inst/O
                         net (fo=90, routed)          0.835     1.962    clk_i_IBUF_BUFG
    SLICE_X54Y11         FDRE                                         r  start_pulse_reg/C
                         clock pessimism             -0.502     1.460    
    SLICE_X54Y11         FDRE (Hold_fdre_C_D)         0.120     1.580    start_pulse_reg
  -------------------------------------------------------------------
                         required time                         -1.580    
                         arrival time                           1.785    
  -------------------------------------------------------------------
                         slack                                  0.205    

Slack (MET) :             0.218ns  (arrival time - required time)
  Source:                 stop_sync2_reg/C
                            (rising edge-triggered cell FDRE clocked by sys_clk_pin  {rise@0.000ns fall@5.000ns period=10.000ns})
  Destination:            stop_prev_reg/D
                            (rising edge-triggered cell FDRE clocked by sys_clk_pin  {rise@0.000ns fall@5.000ns period=10.000ns})
  Path Group:             sys_clk_pin
  Path Type:              Hold (Min at Fast Process Corner)
  Requirement:            0.000ns  (sys_clk_pin rise@0.000ns - sys_clk_pin rise@0.000ns)
  Data Path Delay:        0.327ns  (logic 0.141ns (43.168%)  route 0.186ns (56.832%))
  Logic Levels:           0  
  Clock Path Skew:        0.034ns (DCD - SCD - CPR)
    Destination Clock Delay (DCD):    1.962ns
    Source Clock Delay      (SCD):    1.450ns
    Clock Pessimism Removal (CPR):    0.478ns

    Location             Delay type                Incr(ns)  Path(ns)    Netlist Resource(s)
  -------------------------------------------------------------------    -------------------
                         (clock sys_clk_pin rise edge)
                                                      0.000     0.000 r  
    W5                                                0.000     0.000 r  clk_i (IN)
                         net (fo=0)                   0.000     0.000    clk_i
    W5                   IBUF (Prop_ibuf_I_O)         0.226     0.226 r  clk_i_IBUF_inst/O
                         net (fo=1, routed)           0.631     0.858    clk_i_IBUF
    BUFGCTRL_X0Y0        BUFG (Prop_bufg_I_O)         0.026     0.884 r  clk_i_IBUF_BUFG_inst/O
                         net (fo=90, routed)          0.567     1.450    clk_i_IBUF_BUFG
    SLICE_X57Y9          FDRE                                         r  stop_sync2_reg/C
  -------------------------------------------------------------------    -------------------
    SLICE_X57Y9          FDRE (Prop_fdre_C_Q)         0.141     1.591 r  stop_sync2_reg/Q
                         net (fo=2, routed)           0.186     1.777    stop_sync2
    SLICE_X55Y10         FDRE                                         r  stop_prev_reg/D
  -------------------------------------------------------------------    -------------------

                         (clock sys_clk_pin rise edge)
                                                      0.000     0.000 r  
    W5                                                0.000     0.000 r  clk_i (IN)
                         net (fo=0)                   0.000     0.000    clk_i
    W5                   IBUF (Prop_ibuf_I_O)         0.414     0.414 r  clk_i_IBUF_inst/O
                         net (fo=1, routed)           0.685     1.099    clk_i_IBUF
    BUFGCTRL_X0Y0        BUFG (Prop_bufg_I_O)         0.029     1.128 r  clk_i_IBUF_BUFG_inst/O
                         net (fo=90, routed)          0.835     1.962    clk_i_IBUF_BUFG
    SLICE_X55Y10         FDRE                                         r  stop_prev_reg/C
                         clock pessimism             -0.478     1.484    
    SLICE_X55Y10         FDRE (Hold_fdre_C_D)         0.075     1.559    stop_prev_reg
  -------------------------------------------------------------------
                         required time                         -1.559    
                         arrival time                           1.777    
  -------------------------------------------------------------------
                         slack                                  0.218    

Slack (MET) :             0.233ns  (arrival time - required time)
  Source:                 down_sync2_reg/C
                            (rising edge-triggered cell FDRE clocked by sys_clk_pin  {rise@0.000ns fall@5.000ns period=10.000ns})
  Destination:            down_prev_reg/D
                            (rising edge-triggered cell FDRE clocked by sys_clk_pin  {rise@0.000ns fall@5.000ns period=10.000ns})
  Path Group:             sys_clk_pin
  Path Type:              Hold (Min at Fast Process Corner)
  Requirement:            0.000ns  (sys_clk_pin rise@0.000ns - sys_clk_pin rise@0.000ns)
  Data Path Delay:        0.262ns  (logic 0.128ns (48.889%)  route 0.134ns (51.111%))
  Logic Levels:           0  
  Clock Path Skew:        0.013ns (DCD - SCD - CPR)
    Destination Clock Delay (DCD):    1.988ns
    Source Clock Delay      (SCD):    1.474ns
    Clock Pessimism Removal (CPR):    0.501ns

    Location             Delay type                Incr(ns)  Path(ns)    Netlist Resource(s)
  -------------------------------------------------------------------    -------------------
                         (clock sys_clk_pin rise edge)
                                                      0.000     0.000 r  
    W5                                                0.000     0.000 r  clk_i (IN)
                         net (fo=0)                   0.000     0.000    clk_i
    W5                   IBUF (Prop_ibuf_I_O)         0.226     0.226 r  clk_i_IBUF_inst/O
                         net (fo=1, routed)           0.631     0.858    clk_i_IBUF
    BUFGCTRL_X0Y0        BUFG (Prop_bufg_I_O)         0.026     0.884 r  clk_i_IBUF_BUFG_inst/O
                         net (fo=90, routed)          0.591     1.474    clk_i_IBUF_BUFG
    SLICE_X62Y14         FDRE                                         r  down_sync2_reg/C
  -------------------------------------------------------------------    -------------------
    SLICE_X62Y14         FDRE (Prop_fdre_C_Q)         0.128     1.602 r  down_sync2_reg/Q
                         net (fo=2, routed)           0.134     1.736    down_sync2
    SLICE_X63Y14         FDRE                                         r  down_prev_reg/D
  -------------------------------------------------------------------    -------------------

                         (clock sys_clk_pin rise edge)
                                                      0.000     0.000 r  
    W5                                                0.000     0.000 r  clk_i (IN)
                         net (fo=0)                   0.000     0.000    clk_i
    W5                   IBUF (Prop_ibuf_I_O)         0.414     0.414 r  clk_i_IBUF_inst/O
                         net (fo=1, routed)           0.685     1.099    clk_i_IBUF
    BUFGCTRL_X0Y0        BUFG (Prop_bufg_I_O)         0.029     1.128 r  clk_i_IBUF_BUFG_inst/O
                         net (fo=90, routed)          0.861     1.988    clk_i_IBUF_BUFG
    SLICE_X63Y14         FDRE                                         r  down_prev_reg/C
                         clock pessimism             -0.501     1.487    
    SLICE_X63Y14         FDRE (Hold_fdre_C_D)         0.016     1.503    down_prev_reg
  -------------------------------------------------------------------
                         required time                         -1.503    
                         arrival time                           1.736    
  -------------------------------------------------------------------
                         slack                                  0.233    





Pulse Width Checks
--------------------------------------------------------------------------------------
Clock Name:         sys_clk_pin
Waveform(ns):       { 0.000 5.000 }
Period(ns):         10.000
Sources:            { clk_i }

Check Type        Corner  Lib Pin  Reference Pin  Required(ns)  Actual(ns)  Slack(ns)  Location       Pin
Min Period        n/a     BUFG/I   n/a            2.155         10.000      7.845      BUFGCTRL_X0Y0  clk_i_IBUF_BUFG_inst/I
Min Period        n/a     FDRE/C   n/a            1.000         10.000      9.000      SLICE_X56Y8    buzzer_counter_reg[0]/C
Min Period        n/a     FDRE/C   n/a            1.000         10.000      9.000      SLICE_X56Y8    buzzer_counter_reg[1]/C
Min Period        n/a     FDRE/C   n/a            1.000         10.000      9.000      SLICE_X56Y8    buzzer_counter_reg[2]/C
Min Period        n/a     FDRE/C   n/a            1.000         10.000      9.000      SLICE_X55Y7    buzzer_reg/C
Min Period        n/a     FDRE/C   n/a            1.000         10.000      9.000      SLICE_X58Y21   left_sync2_reg/C
Min Period        n/a     FDRE/C   n/a            1.000         10.000      9.000      SLICE_X57Y12   right_prev_reg/C
Min Period        n/a     FDRE/C   n/a            1.000         10.000      9.000      SLICE_X57Y12   right_pulse_reg/C
Min Period        n/a     FDRE/C   n/a            1.000         10.000      9.000      SLICE_X62Y14   right_sync1_reg/C
Min Period        n/a     FDRE/C   n/a            1.000         10.000      9.000      SLICE_X62Y14   right_sync2_reg/C
Low Pulse Width   Slow    FDRE/C   n/a            0.500         5.000       4.500      SLICE_X54Y15   tick1hz_inst/value_reg_reg[0]/C
Low Pulse Width   Slow    FDRE/C   n/a            0.500         5.000       4.500      SLICE_X55Y14   tick1hz_inst/value_reg_reg[10]/C
Low Pulse Width   Slow    FDRE/C   n/a            0.500         5.000       4.500      SLICE_X55Y14   tick1hz_inst/value_reg_reg[11]/C
Low Pulse Width   Slow    FDRE/C   n/a            0.500         5.000       4.500      SLICE_X55Y14   tick1hz_inst/value_reg_reg[12]/C
Low Pulse Width   Slow    FDRE/C   n/a            0.500         5.000       4.500      SLICE_X55Y15   tick1hz_inst/value_reg_reg[13]/C
Low Pulse Width   Slow    FDRE/C   n/a            0.500         5.000       4.500      SLICE_X55Y15   tick1hz_inst/value_reg_reg[14]/C
Low Pulse Width   Slow    FDRE/C   n/a            0.500         5.000       4.500      SLICE_X55Y15   tick1hz_inst/value_reg_reg[15]/C
Low Pulse Width   Slow    FDRE/C   n/a            0.500         5.000       4.500      SLICE_X56Y15   tick1hz_inst/value_reg_reg[16]/C
Low Pulse Width   Slow    FDRE/C   n/a            0.500         5.000       4.500      SLICE_X55Y13   tick1hz_inst/value_reg_reg[5]/C
Low Pulse Width   Slow    FDRE/C   n/a            0.500         5.000       4.500      SLICE_X55Y13   tick1hz_inst/value_reg_reg[6]/C
High Pulse Width  Slow    FDRE/C   n/a            0.500         5.000       4.500      SLICE_X57Y12   right_prev_reg/C
High Pulse Width  Slow    FDRE/C   n/a            0.500         5.000       4.500      SLICE_X57Y12   right_pulse_reg/C
High Pulse Width  Slow    FDRE/C   n/a            0.500         5.000       4.500      SLICE_X54Y11   start_prev_reg/C
High Pulse Width  Slow    FDRE/C   n/a            0.500         5.000       4.500      SLICE_X54Y11   start_pulse_reg/C
High Pulse Width  Slow    FDRE/C   n/a            0.500         5.000       4.500      SLICE_X55Y11   start_sync1_reg/C
High Pulse Width  Slow    FDRE/C   n/a            0.500         5.000       4.500      SLICE_X55Y11   start_sync2_reg/C
High Pulse Width  Slow    FDRE/C   n/a            0.500         5.000       4.500      SLICE_X56Y10   state_reg[0]/C
High Pulse Width  Slow    FDRE/C   n/a            0.500         5.000       4.500      SLICE_X57Y11   temps_rest_reg[1]/C
High Pulse Width  Fast    FDRE/C   n/a            0.500         5.000       4.500      SLICE_X55Y17   tick1hz_inst/value_reg_reg[21]/C
High Pulse Width  Fast    FDRE/C   n/a            0.500         5.000       4.500      SLICE_X55Y17   tick1hz_inst/value_reg_reg[22]/C



