
*** Running vivado
    with args -log MicrowaveTop.vdi -applog -m64 -product Vivado -messageDb vivado.pb -mode batch -source MicrowaveTop.tcl -notrace


****** Vivado v2019.1 (64-bit)
  **** SW Build 2552052 on Fri May 24 14:49:42 MDT 2019
  **** IP Build 2548770 on Fri May 24 18:01:18 MDT 2019
    ** Copyright 1986-2019 Xilinx, Inc. All Rights Reserved.

source MicrowaveTop.tcl -notrace
Command: link_design -top MicrowaveTop -part xc7a35tcpg236-1
Design is defaulting to srcset: sources_1
Design is defaulting to constrset: constrs_1
INFO: [Device 21-403] Loading part xc7a35tcpg236-1
INFO: [Netlist 29-17] Analyzing 60 Unisim elements for replacement
INFO: [Netlist 29-28] Unisim Transformation completed in 0 CPU seconds
INFO: [Project 1-479] Netlist was created with Vivado 2019.1
INFO: [Project 1-570] Preparing netlist for logic optimization
Parsing XDC File [C:/Users/user/Downloads/CoCiNum/src/vhdl/Basys3/Basys3_Buttons.xdc]
Finished Parsing XDC File [C:/Users/user/Downloads/CoCiNum/src/vhdl/Basys3/Basys3_Buttons.xdc]
Parsing XDC File [C:/Users/user/Downloads/CoCiNum/src/vhdl/Basys3/Basys3_Clock.xdc]
Finished Parsing XDC File [C:/Users/user/Downloads/CoCiNum/src/vhdl/Basys3/Basys3_Clock.xdc]
Parsing XDC File [C:/Users/user/Downloads/CoCiNum/src/vhdl/Basys3/Basys3_LEDs.xdc]
Finished Parsing XDC File [C:/Users/user/Downloads/CoCiNum/src/vhdl/Basys3/Basys3_LEDs.xdc]
Parsing XDC File [C:/Users/user/Downloads/CoCiNum/src/vhdl/Basys3/Basys3_PS2.xdc]
WARNING: [Vivado 12-584] No ports matched 'ps2_sclk_io'. [C:/Users/user/Downloads/CoCiNum/src/vhdl/Basys3/Basys3_PS2.xdc:2]
WARNING: [Common 17-55] 'set_property' expects at least one object. [C:/Users/user/Downloads/CoCiNum/src/vhdl/Basys3/Basys3_PS2.xdc:2]
Resolution: If [get_<value>] was used to populate the object, check to make sure this command returns at least one valid object.
WARNING: [Vivado 12-584] No ports matched 'ps2_sdata_io'. [C:/Users/user/Downloads/CoCiNum/src/vhdl/Basys3/Basys3_PS2.xdc:3]
WARNING: [Common 17-55] 'set_property' expects at least one object. [C:/Users/user/Downloads/CoCiNum/src/vhdl/Basys3/Basys3_PS2.xdc:3]
Resolution: If [get_<value>] was used to populate the object, check to make sure this command returns at least one valid object.
WARNING: [Vivado 12-584] No ports matched 'ps2_*'. [C:/Users/user/Downloads/CoCiNum/src/vhdl/Basys3/Basys3_PS2.xdc:5]
WARNING: [Common 17-55] 'set_property' expects at least one object. [C:/Users/user/Downloads/CoCiNum/src/vhdl/Basys3/Basys3_PS2.xdc:5]
Resolution: If [get_<value>] was used to populate the object, check to make sure this command returns at least one valid object.
WARNING: [Vivado 12-584] No ports matched 'ps2_*'. [C:/Users/user/Downloads/CoCiNum/src/vhdl/Basys3/Basys3_PS2.xdc:6]
WARNING: [Common 17-55] 'set_property' expects at least one object. [C:/Users/user/Downloads/CoCiNum/src/vhdl/Basys3/Basys3_PS2.xdc:6]
Resolution: If [get_<value>] was used to populate the object, check to make sure this command returns at least one valid object.
Finished Parsing XDC File [C:/Users/user/Downloads/CoCiNum/src/vhdl/Basys3/Basys3_PS2.xdc]
Parsing XDC File [C:/Users/user/Downloads/CoCiNum/src/vhdl/Basys3/Basys3_PmodA.xdc]
WARNING: [Vivado 12-584] No ports matched 'pmod_a1'. [C:/Users/user/Downloads/CoCiNum/src/vhdl/Basys3/Basys3_PmodA.xdc:2]
WARNING: [Common 17-55] 'set_property' expects at least one object. [C:/Users/user/Downloads/CoCiNum/src/vhdl/Basys3/Basys3_PmodA.xdc:2]
Resolution: If [get_<value>] was used to populate the object, check to make sure this command returns at least one valid object.
WARNING: [Vivado 12-584] No ports matched 'pmod_a2'. [C:/Users/user/Downloads/CoCiNum/src/vhdl/Basys3/Basys3_PmodA.xdc:3]
WARNING: [Common 17-55] 'set_property' expects at least one object. [C:/Users/user/Downloads/CoCiNum/src/vhdl/Basys3/Basys3_PmodA.xdc:3]
Resolution: If [get_<value>] was used to populate the object, check to make sure this command returns at least one valid object.
WARNING: [Vivado 12-584] No ports matched 'pmod_a3'. [C:/Users/user/Downloads/CoCiNum/src/vhdl/Basys3/Basys3_PmodA.xdc:4]
WARNING: [Common 17-55] 'set_property' expects at least one object. [C:/Users/user/Downloads/CoCiNum/src/vhdl/Basys3/Basys3_PmodA.xdc:4]
Resolution: If [get_<value>] was used to populate the object, check to make sure this command returns at least one valid object.
WARNING: [Vivado 12-584] No ports matched 'pmod_a4'. [C:/Users/user/Downloads/CoCiNum/src/vhdl/Basys3/Basys3_PmodA.xdc:5]
WARNING: [Common 17-55] 'set_property' expects at least one object. [C:/Users/user/Downloads/CoCiNum/src/vhdl/Basys3/Basys3_PmodA.xdc:5]
Resolution: If [get_<value>] was used to populate the object, check to make sure this command returns at least one valid object.
WARNING: [Vivado 12-584] No ports matched 'pmod_a7'. [C:/Users/user/Downloads/CoCiNum/src/vhdl/Basys3/Basys3_PmodA.xdc:6]
WARNING: [Common 17-55] 'set_property' expects at least one object. [C:/Users/user/Downloads/CoCiNum/src/vhdl/Basys3/Basys3_PmodA.xdc:6]
Resolution: If [get_<value>] was used to populate the object, check to make sure this command returns at least one valid object.
WARNING: [Vivado 12-584] No ports matched 'pmod_a8'. [C:/Users/user/Downloads/CoCiNum/src/vhdl/Basys3/Basys3_PmodA.xdc:7]
WARNING: [Common 17-55] 'set_property' expects at least one object. [C:/Users/user/Downloads/CoCiNum/src/vhdl/Basys3/Basys3_PmodA.xdc:7]
Resolution: If [get_<value>] was used to populate the object, check to make sure this command returns at least one valid object.
WARNING: [Vivado 12-584] No ports matched 'pmod_a9'. [C:/Users/user/Downloads/CoCiNum/src/vhdl/Basys3/Basys3_PmodA.xdc:8]
WARNING: [Common 17-55] 'set_property' expects at least one object. [C:/Users/user/Downloads/CoCiNum/src/vhdl/Basys3/Basys3_PmodA.xdc:8]
Resolution: If [get_<value>] was used to populate the object, check to make sure this command returns at least one valid object.
WARNING: [Vivado 12-584] No ports matched 'pmod_a10'. [C:/Users/user/Downloads/CoCiNum/src/vhdl/Basys3/Basys3_PmodA.xdc:9]
WARNING: [Common 17-55] 'set_property' expects at least one object. [C:/Users/user/Downloads/CoCiNum/src/vhdl/Basys3/Basys3_PmodA.xdc:9]
Resolution: If [get_<value>] was used to populate the object, check to make sure this command returns at least one valid object.
WARNING: [Vivado 12-584] No ports matched 'pmod_a*'. [C:/Users/user/Downloads/CoCiNum/src/vhdl/Basys3/Basys3_PmodA.xdc:11]
WARNING: [Common 17-55] 'set_property' expects at least one object. [C:/Users/user/Downloads/CoCiNum/src/vhdl/Basys3/Basys3_PmodA.xdc:11]
Resolution: If [get_<value>] was used to populate the object, check to make sure this command returns at least one valid object.
Finished Parsing XDC File [C:/Users/user/Downloads/CoCiNum/src/vhdl/Basys3/Basys3_PmodA.xdc]
Parsing XDC File [C:/Users/user/Downloads/CoCiNum/src/vhdl/Basys3/Basys3_PmodB.xdc]
WARNING: [Vivado 12-584] No ports matched 'pmod_b1'. [C:/Users/user/Downloads/CoCiNum/src/vhdl/Basys3/Basys3_PmodB.xdc:2]
WARNING: [Common 17-55] 'set_property' expects at least one object. [C:/Users/user/Downloads/CoCiNum/src/vhdl/Basys3/Basys3_PmodB.xdc:2]
Resolution: If [get_<value>] was used to populate the object, check to make sure this command returns at least one valid object.
WARNING: [Vivado 12-584] No ports matched 'pmod_b2'. [C:/Users/user/Downloads/CoCiNum/src/vhdl/Basys3/Basys3_PmodB.xdc:3]
WARNING: [Common 17-55] 'set_property' expects at least one object. [C:/Users/user/Downloads/CoCiNum/src/vhdl/Basys3/Basys3_PmodB.xdc:3]
Resolution: If [get_<value>] was used to populate the object, check to make sure this command returns at least one valid object.
WARNING: [Vivado 12-584] No ports matched 'pmod_b3'. [C:/Users/user/Downloads/CoCiNum/src/vhdl/Basys3/Basys3_PmodB.xdc:4]
WARNING: [Common 17-55] 'set_property' expects at least one object. [C:/Users/user/Downloads/CoCiNum/src/vhdl/Basys3/Basys3_PmodB.xdc:4]
Resolution: If [get_<value>] was used to populate the object, check to make sure this command returns at least one valid object.
WARNING: [Vivado 12-584] No ports matched 'pmod_b4'. [C:/Users/user/Downloads/CoCiNum/src/vhdl/Basys3/Basys3_PmodB.xdc:5]
WARNING: [Common 17-55] 'set_property' expects at least one object. [C:/Users/user/Downloads/CoCiNum/src/vhdl/Basys3/Basys3_PmodB.xdc:5]
Resolution: If [get_<value>] was used to populate the object, check to make sure this command returns at least one valid object.
WARNING: [Vivado 12-584] No ports matched 'pmod_b7'. [C:/Users/user/Downloads/CoCiNum/src/vhdl/Basys3/Basys3_PmodB.xdc:6]
WARNING: [Common 17-55] 'set_property' expects at least one object. [C:/Users/user/Downloads/CoCiNum/src/vhdl/Basys3/Basys3_PmodB.xdc:6]
Resolution: If [get_<value>] was used to populate the object, check to make sure this command returns at least one valid object.
WARNING: [Vivado 12-584] No ports matched 'pmod_b8'. [C:/Users/user/Downloads/CoCiNum/src/vhdl/Basys3/Basys3_PmodB.xdc:7]
WARNING: [Common 17-55] 'set_property' expects at least one object. [C:/Users/user/Downloads/CoCiNum/src/vhdl/Basys3/Basys3_PmodB.xdc:7]
Resolution: If [get_<value>] was used to populate the object, check to make sure this command returns at least one valid object.
WARNING: [Vivado 12-584] No ports matched 'pmod_b9'. [C:/Users/user/Downloads/CoCiNum/src/vhdl/Basys3/Basys3_PmodB.xdc:8]
WARNING: [Common 17-55] 'set_property' expects at least one object. [C:/Users/user/Downloads/CoCiNum/src/vhdl/Basys3/Basys3_PmodB.xdc:8]
Resolution: If [get_<value>] was used to populate the object, check to make sure this command returns at least one valid object.
WARNING: [Vivado 12-584] No ports matched 'pmod_b10'. [C:/Users/user/Downloads/CoCiNum/src/vhdl/Basys3/Basys3_PmodB.xdc:9]
WARNING: [Common 17-55] 'set_property' expects at least one object. [C:/Users/user/Downloads/CoCiNum/src/vhdl/Basys3/Basys3_PmodB.xdc:9]
Resolution: If [get_<value>] was used to populate the object, check to make sure this command returns at least one valid object.
WARNING: [Vivado 12-584] No ports matched 'pmod_b*'. [C:/Users/user/Downloads/CoCiNum/src/vhdl/Basys3/Basys3_PmodB.xdc:11]
WARNING: [Common 17-55] 'set_property' expects at least one object. [C:/Users/user/Downloads/CoCiNum/src/vhdl/Basys3/Basys3_PmodB.xdc:11]
Resolution: If [get_<value>] was used to populate the object, check to make sure this command returns at least one valid object.
Finished Parsing XDC File [C:/Users/user/Downloads/CoCiNum/src/vhdl/Basys3/Basys3_PmodB.xdc]
Parsing XDC File [C:/Users/user/Downloads/CoCiNum/src/vhdl/Basys3/Basys3_PmodC.xdc]
WARNING: [Vivado 12-584] No ports matched 'pmod_c1'. [C:/Users/user/Downloads/CoCiNum/src/vhdl/Basys3/Basys3_PmodC.xdc:2]
WARNING: [Common 17-55] 'set_property' expects at least one object. [C:/Users/user/Downloads/CoCiNum/src/vhdl/Basys3/Basys3_PmodC.xdc:2]
Resolution: If [get_<value>] was used to populate the object, check to make sure this command returns at least one valid object.
WARNING: [Vivado 12-584] No ports matched 'pmod_c2'. [C:/Users/user/Downloads/CoCiNum/src/vhdl/Basys3/Basys3_PmodC.xdc:3]
WARNING: [Common 17-55] 'set_property' expects at least one object. [C:/Users/user/Downloads/CoCiNum/src/vhdl/Basys3/Basys3_PmodC.xdc:3]
Resolution: If [get_<value>] was used to populate the object, check to make sure this command returns at least one valid object.
WARNING: [Vivado 12-584] No ports matched 'pmod_c3'. [C:/Users/user/Downloads/CoCiNum/src/vhdl/Basys3/Basys3_PmodC.xdc:4]
WARNING: [Common 17-55] 'set_property' expects at least one object. [C:/Users/user/Downloads/CoCiNum/src/vhdl/Basys3/Basys3_PmodC.xdc:4]
Resolution: If [get_<value>] was used to populate the object, check to make sure this command returns at least one valid object.
WARNING: [Vivado 12-584] No ports matched 'pmod_c4'. [C:/Users/user/Downloads/CoCiNum/src/vhdl/Basys3/Basys3_PmodC.xdc:5]
WARNING: [Common 17-55] 'set_property' expects at least one object. [C:/Users/user/Downloads/CoCiNum/src/vhdl/Basys3/Basys3_PmodC.xdc:5]
Resolution: If [get_<value>] was used to populate the object, check to make sure this command returns at least one valid object.
WARNING: [Vivado 12-584] No ports matched 'pmod_c7'. [C:/Users/user/Downloads/CoCiNum/src/vhdl/Basys3/Basys3_PmodC.xdc:6]
WARNING: [Common 17-55] 'set_property' expects at least one object. [C:/Users/user/Downloads/CoCiNum/src/vhdl/Basys3/Basys3_PmodC.xdc:6]
Resolution: If [get_<value>] was used to populate the object, check to make sure this command returns at least one valid object.
WARNING: [Vivado 12-584] No ports matched 'pmod_c8'. [C:/Users/user/Downloads/CoCiNum/src/vhdl/Basys3/Basys3_PmodC.xdc:7]
WARNING: [Common 17-55] 'set_property' expects at least one object. [C:/Users/user/Downloads/CoCiNum/src/vhdl/Basys3/Basys3_PmodC.xdc:7]
Resolution: If [get_<value>] was used to populate the object, check to make sure this command returns at least one valid object.
WARNING: [Vivado 12-584] No ports matched 'pmod_c9'. [C:/Users/user/Downloads/CoCiNum/src/vhdl/Basys3/Basys3_PmodC.xdc:8]
WARNING: [Common 17-55] 'set_property' expects at least one object. [C:/Users/user/Downloads/CoCiNum/src/vhdl/Basys3/Basys3_PmodC.xdc:8]
Resolution: If [get_<value>] was used to populate the object, check to make sure this command returns at least one valid object.
WARNING: [Vivado 12-584] No ports matched 'pmod_c10'. [C:/Users/user/Downloads/CoCiNum/src/vhdl/Basys3/Basys3_PmodC.xdc:9]
WARNING: [Common 17-55] 'set_property' expects at least one object. [C:/Users/user/Downloads/CoCiNum/src/vhdl/Basys3/Basys3_PmodC.xdc:9]
Resolution: If [get_<value>] was used to populate the object, check to make sure this command returns at least one valid object.
WARNING: [Vivado 12-584] No ports matched 'pmod_c*'. [C:/Users/user/Downloads/CoCiNum/src/vhdl/Basys3/Basys3_PmodC.xdc:11]
WARNING: [Common 17-55] 'set_property' expects at least one object. [C:/Users/user/Downloads/CoCiNum/src/vhdl/Basys3/Basys3_PmodC.xdc:11]
Resolution: If [get_<value>] was used to populate the object, check to make sure this command returns at least one valid object.
Finished Parsing XDC File [C:/Users/user/Downloads/CoCiNum/src/vhdl/Basys3/Basys3_PmodC.xdc]
Parsing XDC File [C:/Users/user/Downloads/CoCiNum/src/vhdl/Basys3/Basys3_PmodXADC.xdc]
WARNING: [Vivado 12-584] No ports matched 'pmod_xadc1'. [C:/Users/user/Downloads/CoCiNum/src/vhdl/Basys3/Basys3_PmodXADC.xdc:2]
WARNING: [Common 17-55] 'set_property' expects at least one object. [C:/Users/user/Downloads/CoCiNum/src/vhdl/Basys3/Basys3_PmodXADC.xdc:2]
Resolution: If [get_<value>] was used to populate the object, check to make sure this command returns at least one valid object.
WARNING: [Vivado 12-584] No ports matched 'pmod_xadc2'. [C:/Users/user/Downloads/CoCiNum/src/vhdl/Basys3/Basys3_PmodXADC.xdc:3]
WARNING: [Common 17-55] 'set_property' expects at least one object. [C:/Users/user/Downloads/CoCiNum/src/vhdl/Basys3/Basys3_PmodXADC.xdc:3]
Resolution: If [get_<value>] was used to populate the object, check to make sure this command returns at least one valid object.
WARNING: [Vivado 12-584] No ports matched 'pmod_xadc3'. [C:/Users/user/Downloads/CoCiNum/src/vhdl/Basys3/Basys3_PmodXADC.xdc:4]
WARNING: [Common 17-55] 'set_property' expects at least one object. [C:/Users/user/Downloads/CoCiNum/src/vhdl/Basys3/Basys3_PmodXADC.xdc:4]
Resolution: If [get_<value>] was used to populate the object, check to make sure this command returns at least one valid object.
WARNING: [Vivado 12-584] No ports matched 'pmod_xadc4'. [C:/Users/user/Downloads/CoCiNum/src/vhdl/Basys3/Basys3_PmodXADC.xdc:5]
WARNING: [Common 17-55] 'set_property' expects at least one object. [C:/Users/user/Downloads/CoCiNum/src/vhdl/Basys3/Basys3_PmodXADC.xdc:5]
Resolution: If [get_<value>] was used to populate the object, check to make sure this command returns at least one valid object.
WARNING: [Vivado 12-584] No ports matched 'pmod_xadc7'. [C:/Users/user/Downloads/CoCiNum/src/vhdl/Basys3/Basys3_PmodXADC.xdc:6]
WARNING: [Common 17-55] 'set_property' expects at least one object. [C:/Users/user/Downloads/CoCiNum/src/vhdl/Basys3/Basys3_PmodXADC.xdc:6]
Resolution: If [get_<value>] was used to populate the object, check to make sure this command returns at least one valid object.
WARNING: [Vivado 12-584] No ports matched 'pmod_xadc8'. [C:/Users/user/Downloads/CoCiNum/src/vhdl/Basys3/Basys3_PmodXADC.xdc:7]
WARNING: [Common 17-55] 'set_property' expects at least one object. [C:/Users/user/Downloads/CoCiNum/src/vhdl/Basys3/Basys3_PmodXADC.xdc:7]
Resolution: If [get_<value>] was used to populate the object, check to make sure this command returns at least one valid object.
WARNING: [Vivado 12-584] No ports matched 'pmod_xadc9'. [C:/Users/user/Downloads/CoCiNum/src/vhdl/Basys3/Basys3_PmodXADC.xdc:8]
WARNING: [Common 17-55] 'set_property' expects at least one object. [C:/Users/user/Downloads/CoCiNum/src/vhdl/Basys3/Basys3_PmodXADC.xdc:8]
Resolution: If [get_<value>] was used to populate the object, check to make sure this command returns at least one valid object.
WARNING: [Vivado 12-584] No ports matched 'pmod_xadc10'. [C:/Users/user/Downloads/CoCiNum/src/vhdl/Basys3/Basys3_PmodXADC.xdc:9]
WARNING: [Common 17-55] 'set_property' expects at least one object. [C:/Users/user/Downloads/CoCiNum/src/vhdl/Basys3/Basys3_PmodXADC.xdc:9]
Resolution: If [get_<value>] was used to populate the object, check to make sure this command returns at least one valid object.
WARNING: [Vivado 12-584] No ports matched 'pmod_xadc*'. [C:/Users/user/Downloads/CoCiNum/src/vhdl/Basys3/Basys3_PmodXADC.xdc:11]
WARNING: [Common 17-55] 'set_property' expects at least one object. [C:/Users/user/Downloads/CoCiNum/src/vhdl/Basys3/Basys3_PmodXADC.xdc:11]
Resolution: If [get_<value>] was used to populate the object, check to make sure this command returns at least one valid object.
Finished Parsing XDC File [C:/Users/user/Downloads/CoCiNum/src/vhdl/Basys3/Basys3_PmodXADC.xdc]
Parsing XDC File [C:/Users/user/Downloads/CoCiNum/src/vhdl/Basys3/Basys3_SegmentDisplay.xdc]
Finished Parsing XDC File [C:/Users/user/Downloads/CoCiNum/src/vhdl/Basys3/Basys3_SegmentDisplay.xdc]
Parsing XDC File [C:/Users/user/Downloads/CoCiNum/src/vhdl/Basys3/Basys3_Switches.xdc]
Finished Parsing XDC File [C:/Users/user/Downloads/CoCiNum/src/vhdl/Basys3/Basys3_Switches.xdc]
Parsing XDC File [C:/Users/user/Downloads/CoCiNum/src/vhdl/Basys3/Basys3_UART.xdc]
WARNING: [Vivado 12-584] No ports matched 'uart_rx_i'. [C:/Users/user/Downloads/CoCiNum/src/vhdl/Basys3/Basys3_UART.xdc:2]
WARNING: [Common 17-55] 'set_property' expects at least one object. [C:/Users/user/Downloads/CoCiNum/src/vhdl/Basys3/Basys3_UART.xdc:2]
Resolution: If [get_<value>] was used to populate the object, check to make sure this command returns at least one valid object.
WARNING: [Vivado 12-584] No ports matched 'uart_rx_i'. [C:/Users/user/Downloads/CoCiNum/src/vhdl/Basys3/Basys3_UART.xdc:3]
WARNING: [Common 17-55] 'set_property' expects at least one object. [C:/Users/user/Downloads/CoCiNum/src/vhdl/Basys3/Basys3_UART.xdc:3]
Resolution: If [get_<value>] was used to populate the object, check to make sure this command returns at least one valid object.
WARNING: [Vivado 12-584] No ports matched 'uart_tx_o'. [C:/Users/user/Downloads/CoCiNum/src/vhdl/Basys3/Basys3_UART.xdc:5]
WARNING: [Common 17-55] 'set_property' expects at least one object. [C:/Users/user/Downloads/CoCiNum/src/vhdl/Basys3/Basys3_UART.xdc:5]
Resolution: If [get_<value>] was used to populate the object, check to make sure this command returns at least one valid object.
WARNING: [Vivado 12-584] No ports matched 'uart_tx_o'. [C:/Users/user/Downloads/CoCiNum/src/vhdl/Basys3/Basys3_UART.xdc:6]
WARNING: [Common 17-55] 'set_property' expects at least one object. [C:/Users/user/Downloads/CoCiNum/src/vhdl/Basys3/Basys3_UART.xdc:6]
Resolution: If [get_<value>] was used to populate the object, check to make sure this command returns at least one valid object.
Finished Parsing XDC File [C:/Users/user/Downloads/CoCiNum/src/vhdl/Basys3/Basys3_UART.xdc]
Parsing XDC File [C:/Users/user/Downloads/CoCiNum/src/vhdl/Basys3/Basys3_VGA.xdc]
WARNING: [Vivado 12-584] No ports matched 'vga_red_o[0]'. [C:/Users/user/Downloads/CoCiNum/src/vhdl/Basys3/Basys3_VGA.xdc:2]
WARNING: [Common 17-55] 'set_property' expects at least one object. [C:/Users/user/Downloads/CoCiNum/src/vhdl/Basys3/Basys3_VGA.xdc:2]
Resolution: If [get_<value>] was used to populate the object, check to make sure this command returns at least one valid object.
WARNING: [Vivado 12-584] No ports matched 'vga_red_o[1]'. [C:/Users/user/Downloads/CoCiNum/src/vhdl/Basys3/Basys3_VGA.xdc:3]
WARNING: [Common 17-55] 'set_property' expects at least one object. [C:/Users/user/Downloads/CoCiNum/src/vhdl/Basys3/Basys3_VGA.xdc:3]
Resolution: If [get_<value>] was used to populate the object, check to make sure this command returns at least one valid object.
WARNING: [Vivado 12-584] No ports matched 'vga_red_o[2]'. [C:/Users/user/Downloads/CoCiNum/src/vhdl/Basys3/Basys3_VGA.xdc:4]
WARNING: [Common 17-55] 'set_property' expects at least one object. [C:/Users/user/Downloads/CoCiNum/src/vhdl/Basys3/Basys3_VGA.xdc:4]
Resolution: If [get_<value>] was used to populate the object, check to make sure this command returns at least one valid object.
WARNING: [Vivado 12-584] No ports matched 'vga_red_o[3]'. [C:/Users/user/Downloads/CoCiNum/src/vhdl/Basys3/Basys3_VGA.xdc:5]
WARNING: [Common 17-55] 'set_property' expects at least one object. [C:/Users/user/Downloads/CoCiNum/src/vhdl/Basys3/Basys3_VGA.xdc:5]
Resolution: If [get_<value>] was used to populate the object, check to make sure this command returns at least one valid object.
WARNING: [Vivado 12-584] No ports matched 'vga_red_o[*]'. [C:/Users/user/Downloads/CoCiNum/src/vhdl/Basys3/Basys3_VGA.xdc:6]
WARNING: [Common 17-55] 'set_property' expects at least one object. [C:/Users/user/Downloads/CoCiNum/src/vhdl/Basys3/Basys3_VGA.xdc:6]
Resolution: If [get_<value>] was used to populate the object, check to make sure this command returns at least one valid object.
WARNING: [Vivado 12-584] No ports matched 'vga_blue_o[0]'. [C:/Users/user/Downloads/CoCiNum/src/vhdl/Basys3/Basys3_VGA.xdc:8]
WARNING: [Common 17-55] 'set_property' expects at least one object. [C:/Users/user/Downloads/CoCiNum/src/vhdl/Basys3/Basys3_VGA.xdc:8]
Resolution: If [get_<value>] was used to populate the object, check to make sure this command returns at least one valid object.
WARNING: [Vivado 12-584] No ports matched 'vga_blue_o[1]'. [C:/Users/user/Downloads/CoCiNum/src/vhdl/Basys3/Basys3_VGA.xdc:9]
WARNING: [Common 17-55] 'set_property' expects at least one object. [C:/Users/user/Downloads/CoCiNum/src/vhdl/Basys3/Basys3_VGA.xdc:9]
Resolution: If [get_<value>] was used to populate the object, check to make sure this command returns at least one valid object.
WARNING: [Vivado 12-584] No ports matched 'vga_blue_o[2]'. [C:/Users/user/Downloads/CoCiNum/src/vhdl/Basys3/Basys3_VGA.xdc:10]
WARNING: [Common 17-55] 'set_property' expects at least one object. [C:/Users/user/Downloads/CoCiNum/src/vhdl/Basys3/Basys3_VGA.xdc:10]
Resolution: If [get_<value>] was used to populate the object, check to make sure this command returns at least one valid object.
WARNING: [Vivado 12-584] No ports matched 'vga_blue_o[3]'. [C:/Users/user/Downloads/CoCiNum/src/vhdl/Basys3/Basys3_VGA.xdc:11]
WARNING: [Common 17-55] 'set_property' expects at least one object. [C:/Users/user/Downloads/CoCiNum/src/vhdl/Basys3/Basys3_VGA.xdc:11]
Resolution: If [get_<value>] was used to populate the object, check to make sure this command returns at least one valid object.
WARNING: [Vivado 12-584] No ports matched 'vga_blue_o[*]'. [C:/Users/user/Downloads/CoCiNum/src/vhdl/Basys3/Basys3_VGA.xdc:12]
WARNING: [Common 17-55] 'set_property' expects at least one object. [C:/Users/user/Downloads/CoCiNum/src/vhdl/Basys3/Basys3_VGA.xdc:12]
Resolution: If [get_<value>] was used to populate the object, check to make sure this command returns at least one valid object.
WARNING: [Vivado 12-584] No ports matched 'vga_green_o[0]'. [C:/Users/user/Downloads/CoCiNum/src/vhdl/Basys3/Basys3_VGA.xdc:14]
WARNING: [Common 17-55] 'set_property' expects at least one object. [C:/Users/user/Downloads/CoCiNum/src/vhdl/Basys3/Basys3_VGA.xdc:14]
Resolution: If [get_<value>] was used to populate the object, check to make sure this command returns at least one valid object.
WARNING: [Vivado 12-584] No ports matched 'vga_green_o[1]'. [C:/Users/user/Downloads/CoCiNum/src/vhdl/Basys3/Basys3_VGA.xdc:15]
WARNING: [Common 17-55] 'set_property' expects at least one object. [C:/Users/user/Downloads/CoCiNum/src/vhdl/Basys3/Basys3_VGA.xdc:15]
Resolution: If [get_<value>] was used to populate the object, check to make sure this command returns at least one valid object.
WARNING: [Vivado 12-584] No ports matched 'vga_green_o[2]'. [C:/Users/user/Downloads/CoCiNum/src/vhdl/Basys3/Basys3_VGA.xdc:16]
WARNING: [Common 17-55] 'set_property' expects at least one object. [C:/Users/user/Downloads/CoCiNum/src/vhdl/Basys3/Basys3_VGA.xdc:16]
Resolution: If [get_<value>] was used to populate the object, check to make sure this command returns at least one valid object.
WARNING: [Vivado 12-584] No ports matched 'vga_green_o[3]'. [C:/Users/user/Downloads/CoCiNum/src/vhdl/Basys3/Basys3_VGA.xdc:17]
WARNING: [Common 17-55] 'set_property' expects at least one object. [C:/Users/user/Downloads/CoCiNum/src/vhdl/Basys3/Basys3_VGA.xdc:17]
Resolution: If [get_<value>] was used to populate the object, check to make sure this command returns at least one valid object.
WARNING: [Vivado 12-584] No ports matched 'vga_green_o[*]'. [C:/Users/user/Downloads/CoCiNum/src/vhdl/Basys3/Basys3_VGA.xdc:18]
WARNING: [Common 17-55] 'set_property' expects at least one object. [C:/Users/user/Downloads/CoCiNum/src/vhdl/Basys3/Basys3_VGA.xdc:18]
Resolution: If [get_<value>] was used to populate the object, check to make sure this command returns at least one valid object.
WARNING: [Vivado 12-584] No ports matched 'vga_hsync_n_o'. [C:/Users/user/Downloads/CoCiNum/src/vhdl/Basys3/Basys3_VGA.xdc:20]
WARNING: [Common 17-55] 'set_property' expects at least one object. [C:/Users/user/Downloads/CoCiNum/src/vhdl/Basys3/Basys3_VGA.xdc:20]
Resolution: If [get_<value>] was used to populate the object, check to make sure this command returns at least one valid object.
WARNING: [Vivado 12-584] No ports matched 'vga_hsync_n_o'. [C:/Users/user/Downloads/CoCiNum/src/vhdl/Basys3/Basys3_VGA.xdc:21]
WARNING: [Common 17-55] 'set_property' expects at least one object. [C:/Users/user/Downloads/CoCiNum/src/vhdl/Basys3/Basys3_VGA.xdc:21]
Resolution: If [get_<value>] was used to populate the object, check to make sure this command returns at least one valid object.
WARNING: [Vivado 12-584] No ports matched 'vga_vsync_n_o'. [C:/Users/user/Downloads/CoCiNum/src/vhdl/Basys3/Basys3_VGA.xdc:23]
WARNING: [Common 17-55] 'set_property' expects at least one object. [C:/Users/user/Downloads/CoCiNum/src/vhdl/Basys3/Basys3_VGA.xdc:23]
Resolution: If [get_<value>] was used to populate the object, check to make sure this command returns at least one valid object.
WARNING: [Vivado 12-584] No ports matched 'vga_vsync_n_o'. [C:/Users/user/Downloads/CoCiNum/src/vhdl/Basys3/Basys3_VGA.xdc:24]
WARNING: [Common 17-55] 'set_property' expects at least one object. [C:/Users/user/Downloads/CoCiNum/src/vhdl/Basys3/Basys3_VGA.xdc:24]
Resolution: If [get_<value>] was used to populate the object, check to make sure this command returns at least one valid object.
Finished Parsing XDC File [C:/Users/user/Downloads/CoCiNum/src/vhdl/Basys3/Basys3_VGA.xdc]
Parsing XDC File [C:/Users/user/Downloads/CoCiNum/src/vhdl/Basys3/Basys3_td_combinatoire.xdc]
Finished Parsing XDC File [C:/Users/user/Downloads/CoCiNum/src/vhdl/Basys3/Basys3_td_combinatoire.xdc]
INFO: [Opt 31-138] Pushed 0 inverter(s) to 0 load pin(s).
Netlist sorting complete. Time (s): cpu = 00:00:00 ; elapsed = 00:00:00 . Memory (MB): peak = 623.020 ; gain = 0.000
INFO: [Project 1-111] Unisim Transformation Summary:
No Unisim elements were transformed.

7 Infos, 126 Warnings, 0 Critical Warnings and 0 Errors encountered.
link_design completed successfully
link_design: Time (s): cpu = 00:00:06 ; elapsed = 00:00:10 . Memory (MB): peak = 627.031 ; gain = 335.383
Command: opt_design
Attempting to get a license for feature 'Implementation' and/or device 'xc7a35t'
INFO: [Common 17-349] Got license for feature 'Implementation' and/or device 'xc7a35t'
Running DRC as a precondition to command opt_design

Starting DRC Task
INFO: [DRC 23-27] Running DRC with 2 threads
INFO: [Project 1-461] DRC finished with 0 Errors
INFO: [Project 1-462] Please refer to the DRC report (report_drc) for more information.

Time (s): cpu = 00:00:00 ; elapsed = 00:00:00.973 . Memory (MB): peak = 643.977 ; gain = 16.945

Starting Cache Timing Information Task
INFO: [Timing 38-35] Done setting XDC timing constraints.
Ending Cache Timing Information Task | Checksum: 1b41d24c7

Time (s): cpu = 00:00:10 ; elapsed = 00:00:17 . Memory (MB): peak = 1189.926 ; gain = 545.949

Starting Logic Optimization Task

Phase 1 Retarget
INFO: [Opt 31-138] Pushed 0 inverter(s) to 0 load pin(s).
INFO: [Opt 31-49] Retargeted 0 cell(s).
Phase 1 Retarget | Checksum: 157c2a0d6

Time (s): cpu = 00:00:00 ; elapsed = 00:00:00.082 . Memory (MB): peak = 1331.824 ; gain = 0.000
INFO: [Opt 31-389] Phase Retarget created 0 cells and removed 15 cells

Phase 2 Constant propagation
INFO: [Opt 31-138] Pushed 0 inverter(s) to 0 load pin(s).
Phase 2 Constant propagation | Checksum: 16039858f

Time (s): cpu = 00:00:00 ; elapsed = 00:00:00.092 . Memory (MB): peak = 1331.824 ; gain = 0.000
INFO: [Opt 31-389] Phase Constant propagation created 0 cells and removed 0 cells

Phase 3 Sweep
Phase 3 Sweep | Checksum: 16f7431e6

Time (s): cpu = 00:00:00 ; elapsed = 00:00:00.132 . Memory (MB): peak = 1331.824 ; gain = 0.000
INFO: [Opt 31-389] Phase Sweep created 0 cells and removed 1 cells

Phase 4 BUFG optimization
Phase 4 BUFG optimization | Checksum: 16f7431e6

Time (s): cpu = 00:00:00 ; elapsed = 00:00:00.164 . Memory (MB): peak = 1331.824 ; gain = 0.000
INFO: [Opt 31-662] Phase BUFG optimization created 0 cells of which 0 are BUFGs and removed 0 cells.

Phase 5 Shift Register Optimization
INFO: [Opt 31-1064] SRL Remap converted 0 SRLs to 0 registers and converted 0 registers of register chains to 0 SRLs
Phase 5 Shift Register Optimization | Checksum: 16f7431e6

Time (s): cpu = 00:00:00 ; elapsed = 00:00:00.177 . Memory (MB): peak = 1331.824 ; gain = 0.000
INFO: [Opt 31-389] Phase Shift Register Optimization created 0 cells and removed 0 cells

Phase 6 Post Processing Netlist
Phase 6 Post Processing Netlist | Checksum: 16f7431e6

Time (s): cpu = 00:00:00 ; elapsed = 00:00:00.184 . Memory (MB): peak = 1331.824 ; gain = 0.000
INFO: [Opt 31-389] Phase Post Processing Netlist created 0 cells and removed 0 cells
Opt_design Change Summary
=========================


-------------------------------------------------------------------------------------------------------------------------
|  Phase                        |  #Cells created  |  #Cells Removed  |  #Constrained objects preventing optimizations  |
-------------------------------------------------------------------------------------------------------------------------
|  Retarget                     |               0  |              15  |                                              0  |
|  Constant propagation         |               0  |               0  |                                              0  |
|  Sweep                        |               0  |               1  |                                              0  |
|  BUFG optimization            |               0  |               0  |                                              0  |
|  Shift Register Optimization  |               0  |               0  |                                              0  |
|  Post Processing Netlist      |               0  |               0  |                                              0  |
-------------------------------------------------------------------------------------------------------------------------



Starting Connectivity Check Task

Time (s): cpu = 00:00:00 ; elapsed = 00:00:00.002 . Memory (MB): peak = 1331.824 ; gain = 0.000
Ending Logic Optimization Task | Checksum: 1cb74e0a4

Time (s): cpu = 00:00:00 ; elapsed = 00:00:00.223 . Memory (MB): peak = 1331.824 ; gain = 0.000

Starting Power Optimization Task
INFO: [Pwropt 34-132] Skipping clock gating for clocks with a period < 2.00 ns.
Ending Power Optimization Task | Checksum: 1cb74e0a4

Time (s): cpu = 00:00:00 ; elapsed = 00:00:00.015 . Memory (MB): peak = 1331.824 ; gain = 0.000

Starting Final Cleanup Task
Ending Final Cleanup Task | Checksum: 1cb74e0a4

Time (s): cpu = 00:00:00 ; elapsed = 00:00:00 . Memory (MB): peak = 1331.824 ; gain = 0.000

Starting Netlist Obfuscation Task
Netlist sorting complete. Time (s): cpu = 00:00:00 ; elapsed = 00:00:00 . Memory (MB): peak = 1331.824 ; gain = 0.000
Ending Netlist Obfuscation Task | Checksum: 1cb74e0a4

Time (s): cpu = 00:00:00 ; elapsed = 00:00:00 . Memory (MB): peak = 1331.824 ; gain = 0.000
INFO: [Common 17-83] Releasing license: Implementation
24 Infos, 126 Warnings, 0 Critical Warnings and 0 Errors encountered.
opt_design completed successfully
opt_design: Time (s): cpu = 00:00:12 ; elapsed = 00:00:21 . Memory (MB): peak = 1331.824 ; gain = 704.793
Netlist sorting complete. Time (s): cpu = 00:00:00 ; elapsed = 00:00:00 . Memory (MB): peak = 1331.824 ; gain = 0.000
INFO: [Timing 38-480] Writing timing data to binary archive.
Writing placer database...
Writing XDEF routing.
Writing XDEF routing logical nets.
Writing XDEF routing special nets.
Write XDEF Complete: Time (s): cpu = 00:00:00 ; elapsed = 00:00:00.066 . Memory (MB): peak = 1331.824 ; gain = 0.000
INFO: [Common 17-1381] The checkpoint 'C:/Users/user/Downloads/CoCiNum/vivado/CoCiNum_LIADI_TRAORE/CoCiNum_LIADI_TRAORE.runs/impl_2/MicrowaveTop_opt.dcp' has been generated.
INFO: [runtcl-4] Executing : report_drc -file MicrowaveTop_drc_opted.rpt -pb MicrowaveTop_drc_opted.pb -rpx MicrowaveTop_drc_opted.rpx
Command: report_drc -file MicrowaveTop_drc_opted.rpt -pb MicrowaveTop_drc_opted.pb -rpx MicrowaveTop_drc_opted.rpx
INFO: [IP_Flow 19-234] Refreshing IP repositories
INFO: [IP_Flow 19-1704] No user IP repositories specified
INFO: [IP_Flow 19-2313] Loaded Vivado IP repository 'C:/Xilinx/Vivado/2019.1/data/ip'.
INFO: [DRC 23-27] Running DRC with 2 threads
INFO: [Coretcl 2-168] The results of DRC are in file C:/Users/user/Downloads/CoCiNum/vivado/CoCiNum_LIADI_TRAORE/CoCiNum_LIADI_TRAORE.runs/impl_2/MicrowaveTop_drc_opted.rpt.
report_drc completed successfully
Command: place_design
Attempting to get a license for feature 'Implementation' and/or device 'xc7a35t'
INFO: [Common 17-349] Got license for feature 'Implementation' and/or device 'xc7a35t'
INFO: [DRC 23-27] Running DRC with 2 threads
INFO: [Vivado_Tcl 4-198] DRC finished with 0 Errors
INFO: [Vivado_Tcl 4-199] Please refer to the DRC report (report_drc) for more information.
Running DRC as a precondition to command place_design
INFO: [DRC 23-27] Running DRC with 2 threads
INFO: [Vivado_Tcl 4-198] DRC finished with 0 Errors
INFO: [Vivado_Tcl 4-199] Please refer to the DRC report (report_drc) for more information.

Starting Placer Task
INFO: [Place 30-611] Multithreading enabled for place_design using a maximum of 2 CPUs

Phase 1 Placer Initialization

Phase 1.1 Placer Initialization Netlist Sorting
Netlist sorting complete. Time (s): cpu = 00:00:00 ; elapsed = 00:00:00 . Memory (MB): peak = 1331.824 ; gain = 0.000
Phase 1.1 Placer Initialization Netlist Sorting | Checksum: 1395a96de

Time (s): cpu = 00:00:00 ; elapsed = 00:00:00.011 . Memory (MB): peak = 1331.824 ; gain = 0.000
Netlist sorting complete. Time (s): cpu = 00:00:00 ; elapsed = 00:00:00.001 . Memory (MB): peak = 1331.824 ; gain = 0.000

Phase 1.2 IO Placement/ Clock Placement/ Build Placer Device
INFO: [Timing 38-35] Done setting XDC timing constraints.
Phase 1.2 IO Placement/ Clock Placement/ Build Placer Device | Checksum: 19c5922ea

Time (s): cpu = 00:00:01 ; elapsed = 00:00:02 . Memory (MB): peak = 1331.824 ; gain = 0.000

Phase 1.3 Build Placer Netlist Model
Phase 1.3 Build Placer Netlist Model | Checksum: 2141c1a3a

Time (s): cpu = 00:00:01 ; elapsed = 00:00:02 . Memory (MB): peak = 1331.824 ; gain = 0.000

Phase 1.4 Constrain Clocks/Macros
Phase 1.4 Constrain Clocks/Macros | Checksum: 2141c1a3a

Time (s): cpu = 00:00:01 ; elapsed = 00:00:02 . Memory (MB): peak = 1331.824 ; gain = 0.000
Phase 1 Placer Initialization | Checksum: 2141c1a3a

Time (s): cpu = 00:00:01 ; elapsed = 00:00:02 . Memory (MB): peak = 1331.824 ; gain = 0.000

Phase 2 Global Placement

Phase 2.1 Floorplanning
Phase 2.1 Floorplanning | Checksum: 22af8b12a

Time (s): cpu = 00:00:01 ; elapsed = 00:00:02 . Memory (MB): peak = 1331.824 ; gain = 0.000

Phase 2.2 Global Placement Core

Phase 2.2.1 Physical Synthesis In Placer
INFO: [Physopt 32-65] No nets found for high-fanout optimization.
INFO: [Physopt 32-232] Optimized 0 net. Created 0 new instance.
INFO: [Physopt 32-775] End 1 Pass. Optimized 0 net or cell. Created 0 new cell, deleted 0 existing cell and moved 0 existing cell
INFO: [Physopt 32-670] No setup violation found.  DSP Register Optimization was not performed.
INFO: [Physopt 32-670] No setup violation found.  Shift Register Optimization was not performed.
INFO: [Physopt 32-670] No setup violation found.  BRAM Register Optimization was not performed.
INFO: [Physopt 32-949] No candidate nets found for HD net replication
INFO: [Physopt 32-775] End 1 Pass. Optimized 0 net or cell. Created 0 new cell, deleted 0 existing cell and moved 0 existing cell
Netlist sorting complete. Time (s): cpu = 00:00:00 ; elapsed = 00:00:00.001 . Memory (MB): peak = 1331.824 ; gain = 0.000

Summary of Physical Synthesis Optimizations
============================================


----------------------------------------------------------------------------------------------------------------------------------------
|  Optimization                  |  Added Cells  |  Removed Cells  |  Optimized Cells/Nets  |  Dont Touch  |  Iterations  |  Elapsed   |
----------------------------------------------------------------------------------------------------------------------------------------
|  Very High Fanout              |            0  |              0  |                     0  |           0  |           1  |  00:00:00  |
|  DSP Register                  |            0  |              0  |                     0  |           0  |           0  |  00:00:00  |
|  Shift Register                |            0  |              0  |                     0  |           0  |           0  |  00:00:00  |
|  BRAM Register                 |            0  |              0  |                     0  |           0  |           0  |  00:00:00  |
|  HD Interface Net Replication  |            0  |              0  |                     0  |           0  |           1  |  00:00:00  |
|  Total                         |            0  |              0  |                     0  |           0  |           2  |  00:00:00  |
----------------------------------------------------------------------------------------------------------------------------------------


Phase 2.2.1 Physical Synthesis In Placer | Checksum: 1d1f1d104

Time (s): cpu = 00:00:02 ; elapsed = 00:00:05 . Memory (MB): peak = 1331.824 ; gain = 0.000
Phase 2.2 Global Placement Core | Checksum: 229944410

Time (s): cpu = 00:00:02 ; elapsed = 00:00:05 . Memory (MB): peak = 1331.824 ; gain = 0.000
Phase 2 Global Placement | Checksum: 229944410

Time (s): cpu = 00:00:02 ; elapsed = 00:00:05 . Memory (MB): peak = 1331.824 ; gain = 0.000

Phase 3 Detail Placement

Phase 3.1 Commit Multi Column Macros
Phase 3.1 Commit Multi Column Macros | Checksum: 1fb293612

Time (s): cpu = 00:00:02 ; elapsed = 00:00:05 . Memory (MB): peak = 1331.824 ; gain = 0.000

Phase 3.2 Commit Most Macros & LUTRAMs
Phase 3.2 Commit Most Macros & LUTRAMs | Checksum: 18c3d95ab

Time (s): cpu = 00:00:02 ; elapsed = 00:00:06 . Memory (MB): peak = 1331.824 ; gain = 0.000

Phase 3.3 Area Swap Optimization
Phase 3.3 Area Swap Optimization | Checksum: 192d2c8ec

Time (s): cpu = 00:00:02 ; elapsed = 00:00:06 . Memory (MB): peak = 1331.824 ; gain = 0.000

Phase 3.4 Pipeline Register Optimization
Phase 3.4 Pipeline Register Optimization | Checksum: 1c0b5ea0e

Time (s): cpu = 00:00:02 ; elapsed = 00:00:06 . Memory (MB): peak = 1331.824 ; gain = 0.000

Phase 3.5 Small Shape Detail Placement
Phase 3.5 Small Shape Detail Placement | Checksum: 25c598cb8

Time (s): cpu = 00:00:02 ; elapsed = 00:00:06 . Memory (MB): peak = 1331.824 ; gain = 0.000

Phase 3.6 Re-assign LUT pins
Phase 3.6 Re-assign LUT pins | Checksum: 2bb992c4e

Time (s): cpu = 00:00:02 ; elapsed = 00:00:06 . Memory (MB): peak = 1331.824 ; gain = 0.000

Phase 3.7 Pipeline Register Optimization
Phase 3.7 Pipeline Register Optimization | Checksum: 2a8344d70

Time (s): cpu = 00:00:02 ; elapsed = 00:00:06 . Memory (MB): peak = 1331.824 ; gain = 0.000
Phase 3 Detail Placement | Checksum: 2a8344d70

Time (s): cpu = 00:00:02 ; elapsed = 00:00:06 . Memory (MB): peak = 1331.824 ; gain = 0.000

Phase 4 Post Placement Optimization and Clean-Up

Phase 4.1 Post Commit Optimization
INFO: [Timing 38-35] Done setting XDC timing constraints.

Phase 4.1.1 Post Placement Optimization
Post Placement Optimization Initialization | Checksum: 114d3dd23

Phase 4.1.1.1 BUFG Insertion
INFO: [Place 46-56] BUFG insertion identified 0 candidate nets. Inserted BUFG: 0, Replicated BUFG Driver: 0, Skipped due to Placement/Routing Conflicts: 0, Skipped due to Timing Degradation: 0, Skipped due to Illegal Netlist: 0.
Phase 4.1.1.1 BUFG Insertion | Checksum: 114d3dd23

Time (s): cpu = 00:00:03 ; elapsed = 00:00:06 . Memory (MB): peak = 1336.574 ; gain = 4.750
INFO: [Place 30-746] Post Placement Timing Summary WNS=3.501. For the most accurate timing information please run report_timing.
Phase 4.1.1 Post Placement Optimization | Checksum: 18ac0b44f

Time (s): cpu = 00:00:03 ; elapsed = 00:00:06 . Memory (MB): peak = 1336.574 ; gain = 4.750
Phase 4.1 Post Commit Optimization | Checksum: 18ac0b44f

Time (s): cpu = 00:00:03 ; elapsed = 00:00:06 . Memory (MB): peak = 1336.574 ; gain = 4.750

Phase 4.2 Post Placement Cleanup
Phase 4.2 Post Placement Cleanup | Checksum: 18ac0b44f

Time (s): cpu = 00:00:03 ; elapsed = 00:00:06 . Memory (MB): peak = 1336.574 ; gain = 4.750

Phase 4.3 Placer Reporting
Phase 4.3 Placer Reporting | Checksum: 18ac0b44f

Time (s): cpu = 00:00:03 ; elapsed = 00:00:06 . Memory (MB): peak = 1336.574 ; gain = 4.750

Phase 4.4 Final Placement Cleanup
Netlist sorting complete. Time (s): cpu = 00:00:00 ; elapsed = 00:00:00 . Memory (MB): peak = 1336.574 ; gain = 0.000
Phase 4.4 Final Placement Cleanup | Checksum: 181243b8e

Time (s): cpu = 00:00:03 ; elapsed = 00:00:06 . Memory (MB): peak = 1336.574 ; gain = 4.750
Phase 4 Post Placement Optimization and Clean-Up | Checksum: 181243b8e

Time (s): cpu = 00:00:03 ; elapsed = 00:00:06 . Memory (MB): peak = 1336.574 ; gain = 4.750
Ending Placer Task | Checksum: e9891adb

Time (s): cpu = 00:00:03 ; elapsed = 00:00:06 . Memory (MB): peak = 1336.574 ; gain = 4.750
INFO: [Common 17-83] Releasing license: Implementation
53 Infos, 126 Warnings, 0 Critical Warnings and 0 Errors encountered.
place_design completed successfully
place_design: Time (s): cpu = 00:00:04 ; elapsed = 00:00:07 . Memory (MB): peak = 1336.574 ; gain = 4.750
Netlist sorting complete. Time (s): cpu = 00:00:00 ; elapsed = 00:00:00.001 . Memory (MB): peak = 1336.574 ; gain = 0.000
INFO: [Timing 38-480] Writing timing data to binary archive.
Writing placer database...
Writing XDEF routing.
Writing XDEF routing logical nets.
Writing XDEF routing special nets.
Write XDEF Complete: Time (s): cpu = 00:00:00 ; elapsed = 00:00:00.154 . Memory (MB): peak = 1337.559 ; gain = 0.984
INFO: [Common 17-1381] The checkpoint 'C:/Users/user/Downloads/CoCiNum/vivado/CoCiNum_LIADI_TRAORE/CoCiNum_LIADI_TRAORE.runs/impl_2/MicrowaveTop_placed.dcp' has been generated.
INFO: [runtcl-4] Executing : report_io -file MicrowaveTop_io_placed.rpt
report_io: Time (s): cpu = 00:00:00 ; elapsed = 00:00:00.096 . Memory (MB): peak = 1337.559 ; gain = 0.000
INFO: [runtcl-4] Executing : report_utilization -file MicrowaveTop_utilization_placed.rpt -pb MicrowaveTop_utilization_placed.pb
INFO: [runtcl-4] Executing : report_control_sets -verbose -file MicrowaveTop_control_sets_placed.rpt
report_control_sets: Time (s): cpu = 00:00:00 ; elapsed = 00:00:00.008 . Memory (MB): peak = 1337.559 ; gain = 0.000
Command: route_design
Attempting to get a license for feature 'Implementation' and/or device 'xc7a35t'
INFO: [Common 17-349] Got license for feature 'Implementation' and/or device 'xc7a35t'
Running DRC as a precondition to command route_design
INFO: [DRC 23-27] Running DRC with 2 threads
INFO: [Vivado_Tcl 4-198] DRC finished with 0 Errors
INFO: [Vivado_Tcl 4-199] Please refer to the DRC report (report_drc) for more information.


Starting Routing Task
INFO: [Route 35-254] Multithreading enabled for route_design using a maximum of 2 CPUs
Checksum: PlaceDB: d9ac2a3e ConstDB: 0 ShapeSum: fdcf09d RouteDB: 0

Phase 1 Build RT Design
Phase 1 Build RT Design | Checksum: 13d0cec15

Time (s): cpu = 00:00:19 ; elapsed = 00:00:31 . Memory (MB): peak = 1430.031 ; gain = 78.387
Post Restoration Checksum: NetGraph: 583f9370 NumContArr: e4cd58a5 Constraints: 0 Timing: 0

Phase 2 Router Initialization

Phase 2.1 Create Timer
Phase 2.1 Create Timer | Checksum: 13d0cec15

Time (s): cpu = 00:00:19 ; elapsed = 00:00:31 . Memory (MB): peak = 1462.328 ; gain = 110.684

Phase 2.2 Fix Topology Constraints
Phase 2.2 Fix Topology Constraints | Checksum: 13d0cec15

Time (s): cpu = 00:00:19 ; elapsed = 00:00:31 . Memory (MB): peak = 1468.348 ; gain = 116.703

Phase 2.3 Pre Route Cleanup
Phase 2.3 Pre Route Cleanup | Checksum: 13d0cec15

Time (s): cpu = 00:00:19 ; elapsed = 00:00:31 . Memory (MB): peak = 1468.348 ; gain = 116.703
 Number of Nodes with overlaps = 0

Phase 2.4 Update Timing
Phase 2.4 Update Timing | Checksum: 1c4e09251

Time (s): cpu = 00:00:19 ; elapsed = 00:00:31 . Memory (MB): peak = 1472.520 ; gain = 120.875
INFO: [Route 35-416] Intermediate Timing Summary | WNS=3.610  | TNS=0.000  | WHS=-0.091 | THS=-0.909 |

Phase 2 Router Initialization | Checksum: 1e61a751d

Time (s): cpu = 00:00:19 ; elapsed = 00:00:31 . Memory (MB): peak = 1472.520 ; gain = 120.875

Router Utilization Summary
  Global Vertical Routing Utilization    = 0 %
  Global Horizontal Routing Utilization  = 0 %
  Routable Net Status*
  *Does not include unroutable nets such as driverless and loadless.
  Run report_route_status for detailed report.
  Number of Failed Nets               = 445
    (Failed Nets is the sum of unrouted and partially routed nets)
  Number of Unrouted Nets             = 445
  Number of Partially Routed Nets     = 0
  Number of Node Overlaps             = 0


Phase 3 Initial Routing
Phase 3 Initial Routing | Checksum: 1574eec23

Time (s): cpu = 00:00:19 ; elapsed = 00:00:32 . Memory (MB): peak = 1472.742 ; gain = 121.098

Phase 4 Rip-up And Reroute

Phase 4.1 Global Iteration 0
 Number of Nodes with overlaps = 31
 Number of Nodes with overlaps = 0
INFO: [Route 35-416] Intermediate Timing Summary | WNS=3.276  | TNS=0.000  | WHS=N/A    | THS=N/A    |

Phase 4.1 Global Iteration 0 | Checksum: 1735c6d1d

Time (s): cpu = 00:00:19 ; elapsed = 00:00:32 . Memory (MB): peak = 1472.742 ; gain = 121.098

Phase 4.2 Global Iteration 1
 Number of Nodes with overlaps = 2
 Number of Nodes with overlaps = 0
INFO: [Route 35-416] Intermediate Timing Summary | WNS=3.276  | TNS=0.000  | WHS=N/A    | THS=N/A    |

Phase 4.2 Global Iteration 1 | Checksum: 27920ea69

Time (s): cpu = 00:00:19 ; elapsed = 00:00:32 . Memory (MB): peak = 1472.742 ; gain = 121.098
Phase 4 Rip-up And Reroute | Checksum: 27920ea69

Time (s): cpu = 00:00:19 ; elapsed = 00:00:32 . Memory (MB): peak = 1472.742 ; gain = 121.098

Phase 5 Delay and Skew Optimization

Phase 5.1 Delay CleanUp
Phase 5.1 Delay CleanUp | Checksum: 27920ea69

Time (s): cpu = 00:00:19 ; elapsed = 00:00:32 . Memory (MB): peak = 1472.742 ; gain = 121.098

Phase 5.2 Clock Skew Optimization
Phase 5.2 Clock Skew Optimization | Checksum: 27920ea69

Time (s): cpu = 00:00:19 ; elapsed = 00:00:32 . Memory (MB): peak = 1472.742 ; gain = 121.098
Phase 5 Delay and Skew Optimization | Checksum: 27920ea69

Time (s): cpu = 00:00:19 ; elapsed = 00:00:32 . Memory (MB): peak = 1472.742 ; gain = 121.098

Phase 6 Post Hold Fix

Phase 6.1 Hold Fix Iter

Phase 6.1.1 Update Timing
Phase 6.1.1 Update Timing | Checksum: 26c4927ef

Time (s): cpu = 00:00:19 ; elapsed = 00:00:32 . Memory (MB): peak = 1472.742 ; gain = 121.098
INFO: [Route 35-416] Intermediate Timing Summary | WNS=3.355  | TNS=0.000  | WHS=0.138  | THS=0.000  |

Phase 6.1 Hold Fix Iter | Checksum: 21026e5d5

Time (s): cpu = 00:00:19 ; elapsed = 00:00:32 . Memory (MB): peak = 1472.742 ; gain = 121.098
Phase 6 Post Hold Fix | Checksum: 21026e5d5

Time (s): cpu = 00:00:19 ; elapsed = 00:00:32 . Memory (MB): peak = 1472.742 ; gain = 121.098

Phase 7 Route finalize

Router Utilization Summary
  Global Vertical Routing Utilization    = 0.0799649 %
  Global Horizontal Routing Utilization  = 0.107626 %
  Routable Net Status*
  *Does not include unroutable nets such as driverless and loadless.
  Run report_route_status for detailed report.
  Number of Failed Nets               = 0
    (Failed Nets is the sum of unrouted and partially routed nets)
  Number of Unrouted Nets             = 0
  Number of Partially Routed Nets     = 0
  Number of Node Overlaps             = 0

Phase 7 Route finalize | Checksum: 1bc0d7cdf

Time (s): cpu = 00:00:19 ; elapsed = 00:00:32 . Memory (MB): peak = 1472.742 ; gain = 121.098

Phase 8 Verifying routed nets

 Verification completed successfully
Phase 8 Verifying routed nets | Checksum: 1bc0d7cdf

Time (s): cpu = 00:00:19 ; elapsed = 00:00:32 . Memory (MB): peak = 1474.777 ; gain = 123.133

Phase 9 Depositing Routes
Phase 9 Depositing Routes | Checksum: 13789843c

Time (s): cpu = 00:00:19 ; elapsed = 00:00:32 . Memory (MB): peak = 1474.777 ; gain = 123.133

Phase 10 Post Router Timing
INFO: [Route 35-57] Estimated Timing Summary | WNS=3.355  | TNS=0.000  | WHS=0.138  | THS=0.000  |

INFO: [Route 35-327] The final timing numbers are based on the router estimated timing analysis. For a complete and accurate timing signoff, please run report_timing_summary.
Phase 10 Post Router Timing | Checksum: 13789843c

Time (s): cpu = 00:00:19 ; elapsed = 00:00:32 . Memory (MB): peak = 1474.777 ; gain = 123.133
INFO: [Route 35-16] Router Completed Successfully

Time (s): cpu = 00:00:19 ; elapsed = 00:00:32 . Memory (MB): peak = 1474.777 ; gain = 123.133

Routing Is Done.
INFO: [Common 17-83] Releasing license: Implementation
71 Infos, 126 Warnings, 0 Critical Warnings and 0 Errors encountered.
route_design completed successfully
route_design: Time (s): cpu = 00:00:20 ; elapsed = 00:00:33 . Memory (MB): peak = 1474.777 ; gain = 137.219
Netlist sorting complete. Time (s): cpu = 00:00:00 ; elapsed = 00:00:00 . Memory (MB): peak = 1474.777 ; gain = 0.000
INFO: [Timing 38-480] Writing timing data to binary archive.
Writing placer database...
Writing XDEF routing.
Writing XDEF routing logical nets.
Writing XDEF routing special nets.
Write XDEF Complete: Time (s): cpu = 00:00:00 ; elapsed = 00:00:00.172 . Memory (MB): peak = 1484.691 ; gain = 9.914
INFO: [Common 17-1381] The checkpoint 'C:/Users/user/Downloads/CoCiNum/vivado/CoCiNum_LIADI_TRAORE/CoCiNum_LIADI_TRAORE.runs/impl_2/MicrowaveTop_routed.dcp' has been generated.
INFO: [runtcl-4] Executing : report_drc -file MicrowaveTop_drc_routed.rpt -pb MicrowaveTop_drc_routed.pb -rpx MicrowaveTop_drc_routed.rpx
Command: report_drc -file MicrowaveTop_drc_routed.rpt -pb MicrowaveTop_drc_routed.pb -rpx MicrowaveTop_drc_routed.rpx
INFO: [IP_Flow 19-1839] IP Catalog is up to date.
INFO: [DRC 23-27] Running DRC with 2 threads
INFO: [Coretcl 2-168] The results of DRC are in file C:/Users/user/Downloads/CoCiNum/vivado/CoCiNum_LIADI_TRAORE/CoCiNum_LIADI_TRAORE.runs/impl_2/MicrowaveTop_drc_routed.rpt.
report_drc completed successfully
INFO: [runtcl-4] Executing : report_methodology -file MicrowaveTop_methodology_drc_routed.rpt -pb MicrowaveTop_methodology_drc_routed.pb -rpx MicrowaveTop_methodology_drc_routed.rpx
Command: report_methodology -file MicrowaveTop_methodology_drc_routed.rpt -pb MicrowaveTop_methodology_drc_routed.pb -rpx MicrowaveTop_methodology_drc_routed.rpx
INFO: [Timing 38-35] Done setting XDC timing constraints.
INFO: [DRC 23-133] Running Methodology with 2 threads
INFO: [Coretcl 2-1520] The results of Report Methodology are in file C:/Users/user/Downloads/CoCiNum/vivado/CoCiNum_LIADI_TRAORE/CoCiNum_LIADI_TRAORE.runs/impl_2/MicrowaveTop_methodology_drc_routed.rpt.
report_methodology completed successfully
INFO: [runtcl-4] Executing : report_power -file MicrowaveTop_power_routed.rpt -pb MicrowaveTop_power_summary_routed.pb -rpx MicrowaveTop_power_routed.rpx
Command: report_power -file MicrowaveTop_power_routed.rpt -pb MicrowaveTop_power_summary_routed.pb -rpx MicrowaveTop_power_routed.rpx
INFO: [Timing 38-35] Done setting XDC timing constraints.
Running Vector-less Activity Propagation...

Finished Running Vector-less Activity Propagation
83 Infos, 126 Warnings, 0 Critical Warnings and 0 Errors encountered.
report_power completed successfully
INFO: [runtcl-4] Executing : report_route_status -file MicrowaveTop_route_status.rpt -pb MicrowaveTop_route_status.pb
INFO: [runtcl-4] Executing : report_timing_summary -max_paths 10 -file MicrowaveTop_timing_summary_routed.rpt -pb MicrowaveTop_timing_summary_routed.pb -rpx MicrowaveTop_timing_summary_routed.rpx -warn_on_violation 
INFO: [Timing 38-91] UpdateTimingParams: Speed grade: -1, Delay Type: min_max.
INFO: [Timing 38-191] Multithreading enabled for timing update using a maximum of 2 CPUs
INFO: [runtcl-4] Executing : report_incremental_reuse -file MicrowaveTop_incremental_reuse_routed.rpt
INFO: [Vivado_Tcl 4-1062] Incremental flow is disabled. No incremental reuse Info to report.
INFO: [runtcl-4] Executing : report_clock_utilization -file MicrowaveTop_clock_utilization_routed.rpt
INFO: [runtcl-4] Executing : report_bus_skew -warn_on_violation -file MicrowaveTop_bus_skew_routed.rpt -pb MicrowaveTop_bus_skew_routed.pb -rpx MicrowaveTop_bus_skew_routed.rpx
INFO: [Timing 38-91] UpdateTimingParams: Speed grade: -1, Delay Type: min_max.
INFO: [Timing 38-191] Multithreading enabled for timing update using a maximum of 2 CPUs
Command: write_bitstream -force MicrowaveTop.bit
Attempting to get a license for feature 'Implementation' and/or device 'xc7a35t'
INFO: [Common 17-349] Got license for feature 'Implementation' and/or device 'xc7a35t'
Running DRC as a precondition to command write_bitstream
INFO: [IP_Flow 19-1839] IP Catalog is up to date.
INFO: [DRC 23-27] Running DRC with 2 threads
WARNING: [DRC CFGBVS-1] Missing CFGBVS and CONFIG_VOLTAGE Design Properties: Neither the CFGBVS nor CONFIG_VOLTAGE voltage property is set in the current_design.  Configuration bank voltage select (CFGBVS) must be set to VCCO or GND, and CONFIG_VOLTAGE must be set to the correct configuration voltage, in order to determine the I/O voltage support for the pins in bank 0.  It is suggested to specify these either using the 'Edit Device Properties' function in the GUI or directly in the XDC file using the following syntax:

 set_property CFGBVS value1 [current_design]
 #where value1 is either VCCO or GND

 set_property CONFIG_VOLTAGE value2 [current_design]
 #where value2 is the voltage provided to configuration bank 0

Refer to the device configuration user guide for more information.
INFO: [Vivado 12-3199] DRC finished with 0 Errors, 1 Warnings
INFO: [Vivado 12-3200] Please refer to the DRC report (report_drc) for more information.
INFO: [Designutils 20-2272] Running write_bitstream with 2 threads.
Loading data files...
Loading site data...
Loading route data...
Processing options...
Creating bitmap...
Creating bitstream...
Writing bitstream ./MicrowaveTop.bit...
INFO: [Vivado 12-1842] Bitgen Completed Successfully.
INFO: [Project 1-120] WebTalk data collection is mandatory when using a WebPACK part without a full Vivado license. To see the specific WebTalk data collected for your design, open the usage_statistics_webtalk.html or usage_statistics_webtalk.xml file in the implementation directory.
INFO: [Common 17-83] Releasing license: Implementation
102 Infos, 127 Warnings, 0 Critical Warnings and 0 Errors encountered.
write_bitstream completed successfully
write_bitstream: Time (s): cpu = 00:00:14 ; elapsed = 00:00:23 . Memory (MB): peak = 1927.055 ; gain = 415.941
INFO: [Common 17-206] Exiting Vivado at Fri Dec 19 16:56:29 2025...
