#-----------------------------------------------------------
# Vivado v2019.1 (64-bit)
# SW Build 2552052 on Fri May 24 14:49:42 MDT 2019
# IP Build 2548770 on Fri May 24 18:01:18 MDT 2019
# Start of session at: Fri Dec 19 16:44:31 2025
# Process ID: 15140
# Current directory: C:/Users/user/Downloads/CoCiNum/vivado/CoCiNum_LIADI_TRAORE
# Command line: vivado.exe -gui_launcher_event rodinguilauncherevent30688 C:\Users\user\Downloads\CoCiNum\vivado\CoCiNum_LIADI_TRAORE\CoCiNum_LIADI_TRAORE.xpr
# Log file: C:/Users/user/Downloads/CoCiNum/vivado/CoCiNum_LIADI_TRAORE/vivado.log
# Journal file: C:/Users/user/Downloads/CoCiNum/vivado/CoCiNum_LIADI_TRAORE\vivado.jou
#-----------------------------------------------------------
start_gui
open_project C:/Users/user/Downloads/CoCiNum/vivado/CoCiNum_LIADI_TRAORE/CoCiNum_LIADI_TRAORE.xpr
Scanning sources...
Finished scanning sources
INFO: [IP_Flow 19-234] Refreshing IP repositories
INFO: [IP_Flow 19-1704] No user IP repositories specified
INFO: [IP_Flow 19-2313] Loaded Vivado IP repository 'C:/Xilinx/Vivado/2019.1/data/ip'.
open_project: Time (s): cpu = 00:00:09 ; elapsed = 00:00:10 . Memory (MB): peak = 684.828 ; gain = 66.973
update_compile_order -fileset sources_1
exit
INFO: [Common 17-206] Exiting Vivado at Fri Dec 19 16:50:06 2025...
